Archive member included to satisfy reference by file (symbol)

c:/program files (x86)/gnu arm embedded toolchain/10 2021.10/bin/../lib/gcc/arm-none-eabi/10.3.1/thumb/v8-m.base/nofp\libgcc.a(_aeabi_ldivmod.o)
                              ./ra/fsp/src/r_sci_uart/r_sci_uart.o (__aeabi_ldivmod)
c:/program files (x86)/gnu arm embedded toolchain/10 2021.10/bin/../lib/gcc/arm-none-eabi/10.3.1/thumb/v8-m.base/nofp\libgcc.a(_muldi3.o)
                              ./ra/fsp/src/r_sci_uart/r_sci_uart.o (__aeabi_lmul)
c:/program files (x86)/gnu arm embedded toolchain/10 2021.10/bin/../lib/gcc/arm-none-eabi/10.3.1/thumb/v8-m.base/nofp\libgcc.a(bpabi.o)
                              c:/program files (x86)/gnu arm embedded toolchain/10 2021.10/bin/../lib/gcc/arm-none-eabi/10.3.1/thumb/v8-m.base/nofp\libgcc.a(_aeabi_ldivmod.o) (__gnu_ldivmod_helper)
c:/program files (x86)/gnu arm embedded toolchain/10 2021.10/bin/../lib/gcc/arm-none-eabi/10.3.1/thumb/v8-m.base/nofp\libgcc.a(_dvmd_tls.o)
                              c:/program files (x86)/gnu arm embedded toolchain/10 2021.10/bin/../lib/gcc/arm-none-eabi/10.3.1/thumb/v8-m.base/nofp\libgcc.a(_aeabi_ldivmod.o) (__aeabi_ldiv0)
c:/program files (x86)/gnu arm embedded toolchain/10 2021.10/bin/../lib/gcc/arm-none-eabi/10.3.1/thumb/v8-m.base/nofp\libgcc.a(_divdi3.o)
                              c:/program files (x86)/gnu arm embedded toolchain/10 2021.10/bin/../lib/gcc/arm-none-eabi/10.3.1/thumb/v8-m.base/nofp\libgcc.a(bpabi.o) (__divdi3)
c:/program files (x86)/gnu arm embedded toolchain/10 2021.10/bin/../lib/gcc/arm-none-eabi/10.3.1/thumb/v8-m.base/nofp\libgcc.a(_clzsi2.o)
                              c:/program files (x86)/gnu arm embedded toolchain/10 2021.10/bin/../lib/gcc/arm-none-eabi/10.3.1/thumb/v8-m.base/nofp\libgcc.a(_divdi3.o) (__clzsi2)
c:/program files (x86)/gnu arm embedded toolchain/10 2021.10/bin/../lib/gcc/arm-none-eabi/10.3.1/../../../../arm-none-eabi/lib/thumb/v8-m.base/nofp\libg_nano.a(lib_a-atoi.o)
                              ./src/hal_entry.o (atoi)
c:/program files (x86)/gnu arm embedded toolchain/10 2021.10/bin/../lib/gcc/arm-none-eabi/10.3.1/../../../../arm-none-eabi/lib/thumb/v8-m.base/nofp\libg_nano.a(lib_a-errno.o)
                              ./ra/fsp/src/bsp/mcu/all/bsp_sbrk.o (__errno)
c:/program files (x86)/gnu arm embedded toolchain/10 2021.10/bin/../lib/gcc/arm-none-eabi/10.3.1/../../../../arm-none-eabi/lib/thumb/v8-m.base/nofp\libg_nano.a(lib_a-exit.o)
                              c:/program files (x86)/gnu arm embedded toolchain/10 2021.10/bin/../lib/gcc/arm-none-eabi/10.3.1/../../../../arm-none-eabi/lib/thumb/v8-m.base/nofp/rdimon-crt0.o (exit)
c:/program files (x86)/gnu arm embedded toolchain/10 2021.10/bin/../lib/gcc/arm-none-eabi/10.3.1/../../../../arm-none-eabi/lib/thumb/v8-m.base/nofp\libg_nano.a(lib_a-impure.o)
                              c:/program files (x86)/gnu arm embedded toolchain/10 2021.10/bin/../lib/gcc/arm-none-eabi/10.3.1/../../../../arm-none-eabi/lib/thumb/v8-m.base/nofp\libg_nano.a(lib_a-exit.o) (_global_impure_ptr)
c:/program files (x86)/gnu arm embedded toolchain/10 2021.10/bin/../lib/gcc/arm-none-eabi/10.3.1/../../../../arm-none-eabi/lib/thumb/v8-m.base/nofp\libg_nano.a(lib_a-init.o)
                              c:/program files (x86)/gnu arm embedded toolchain/10 2021.10/bin/../lib/gcc/arm-none-eabi/10.3.1/../../../../arm-none-eabi/lib/thumb/v8-m.base/nofp/rdimon-crt0.o (__libc_init_array)
c:/program files (x86)/gnu arm embedded toolchain/10 2021.10/bin/../lib/gcc/arm-none-eabi/10.3.1/../../../../arm-none-eabi/lib/thumb/v8-m.base/nofp\libg_nano.a(lib_a-memcpy-stub.o)
                              ./src/SEGGER_RTT/SEGGER_RTT.o (memcpy)
c:/program files (x86)/gnu arm embedded toolchain/10 2021.10/bin/../lib/gcc/arm-none-eabi/10.3.1/../../../../arm-none-eabi/lib/thumb/v8-m.base/nofp\libg_nano.a(lib_a-memset.o)
                              c:/program files (x86)/gnu arm embedded toolchain/10 2021.10/bin/../lib/gcc/arm-none-eabi/10.3.1/../../../../arm-none-eabi/lib/thumb/v8-m.base/nofp/rdimon-crt0.o (memset)
c:/program files (x86)/gnu arm embedded toolchain/10 2021.10/bin/../lib/gcc/arm-none-eabi/10.3.1/../../../../arm-none-eabi/lib/thumb/v8-m.base/nofp\libg_nano.a(lib_a-strlen.o)
                              ./src/SEGGER_RTT/SEGGER_RTT.o (strlen)
c:/program files (x86)/gnu arm embedded toolchain/10 2021.10/bin/../lib/gcc/arm-none-eabi/10.3.1/../../../../arm-none-eabi/lib/thumb/v8-m.base/nofp\libg_nano.a(lib_a-strtol.o)
                              c:/program files (x86)/gnu arm embedded toolchain/10 2021.10/bin/../lib/gcc/arm-none-eabi/10.3.1/../../../../arm-none-eabi/lib/thumb/v8-m.base/nofp\libg_nano.a(lib_a-atoi.o) (_strtol_r)
c:/program files (x86)/gnu arm embedded toolchain/10 2021.10/bin/../lib/gcc/arm-none-eabi/10.3.1/../../../../arm-none-eabi/lib/thumb/v8-m.base/nofp\libg_nano.a(lib_a-ctype_.o)
[...]
Memory Configuration

Name             Origin             Length             Attributes
ITCM             0x00000000         0x00000000         xr
DTCM             0x00000000         0x00000000         xrw
FLASH            0x00000000         0x00010000         xr
RAM              0x20004000         0x00002000         xrw
DATA_FLASH       0x40100000         0x00000800         xr
QSPI_FLASH       0x60000000         0x00000000         xr
OSPI_DEVICE_0    0x80020000         0x00000000         xr
OSPI_DEVICE_1    0x80030000         0x00000000         xr
OSPI_DEVICE_0_RAM 0x80020000         0x00000000         xrw
OSPI_DEVICE_1_RAM 0x80030000         0x00000000         xrw
SDRAM            0x80010000         0x00000000         xrw
OPTION_SETTING   0x00000000         0x00000000         r
OPTION_SETTING_OFS 0x00000000         0x00000018         r
OPTION_SETTING_SAS 0x00000034         0xffffffcc         r
OPTION_SETTING_S 0x80000000         0x00000000         r
ID_CODE          0x01010018         0x00000020         xr
*default*        0x00000000         0xffffffff

Linker script and memory map

LOAD c:/program files (x86)/gnu arm embedded toolchain/10 2021.10/bin/../lib/gcc/arm-none-eabi/10.3.1/thumb/v8-m.base/nofp/crti.o
LOAD c:/program files (x86)/gnu arm embedded toolchain/10 2021.10/bin/../lib/gcc/arm-none-eabi/10.3.1/thumb/v8-m.base/nofp/crtbegin.o
LOAD c:/program files (x86)/gnu arm embedded toolchain/10 2021.10/bin/../lib/gcc/arm-none-eabi/10.3.1/../../../../arm-none-eabi/lib/thumb/v8-m.base/nofp/rdimon-crt0.o
START GROUP
LOAD ./src/SEGGER_RTT/SEGGER_RTT.o
LOAD ./src/SEGGER_RTT/SEGGER_RTT_printf.o
LOAD ./src/ext_irq_setup.o
LOAD ./src/hal_entry.o
LOAD ./src/pm2008.o
LOAD ./src/timer_setup.o
LOAD ./ra_gen/common_data.o
LOAD ./ra_gen/hal_data.o
LOAD ./ra_gen/main.o
LOAD ./ra_gen/pin_data.o
LOAD ./ra_gen/vector_data.o
LOAD ./ra/fsp/src/r_wdt/r_wdt.o
LOAD ./ra/fsp/src/r_sci_uart/r_sci_uart.o
LOAD ./ra/fsp/src/r_lpm/r_lpm.o
LOAD ./ra/fsp/src/r_ioport/r_ioport.o
LOAD ./ra/fsp/src/r_icu/r_icu.o
LOAD ./ra/fsp/src/r_gpt/r_gpt.o
LOAD ./ra/fsp/src/bsp/mcu/all/bsp_clocks.o
LOAD ./ra/fsp/src/bsp/mcu/all/bsp_common.o
LOAD ./ra/fsp/src/bsp/mcu/all/bsp_delay.o
LOAD ./ra/fsp/src/bsp/mcu/all/bsp_group_irq.o
LOAD ./ra/fsp/src/bsp/mcu/all/bsp_guard.o
LOAD ./ra/fsp/src/bsp/mcu/all/bsp_io.o
LOAD ./ra/fsp/src/bsp/mcu/all/bsp_irq.o
LOAD ./ra/fsp/src/bsp/mcu/all/bsp_register_protection.o
LOAD ./ra/fsp/src/bsp/mcu/all/bsp_rom_registers.o
LOAD ./ra/fsp/src/bsp/mcu/all/bsp_sbrk.o
LOAD ./ra/fsp/src/bsp/mcu/all/bsp_security.o
LOAD ./ra/fsp/src/bsp/cmsis/Device/RENESAS/Source/startup.o
LOAD ./ra/fsp/src/bsp/cmsis/Device/RENESAS/Source/system.o
LOAD ./ra/board/ra2e2_ek/board_init.o
LOAD ./ra/board/ra2e2_ek/board_leds.o
END GROUP
START GROUP
LOAD c:/program files (x86)/gnu arm embedded toolchain/10 2021.10/bin/../lib/gcc/arm-none-eabi/10.3.1/thumb/v8-m.base/nofp\libgcc.a
LOAD c:/program files (x86)/gnu arm embedded toolchain/10 2021.10/bin/../lib/gcc/arm-none-eabi/10.3.1/../../../../arm-none-eabi/lib/thumb/v8-m.base/nofp\libg_nano.a
LOAD c:/program files (x86)/gnu arm embedded toolchain/10 2021.10/bin/../lib/gcc/arm-none-eabi/10.3.1/../../../../arm-none-eabi/lib/thumb/v8-m.base/nofp\libc_nano.a
END GROUP
START GROUP
LOAD c:/program files (x86)/gnu arm embedded toolchain/10 2021.10/bin/../lib/gcc/arm-none-eabi/10.3.1/thumb/v8-m.base/nofp\libgcc.a
LOAD c:/program files (x86)/gnu arm embedded toolchain/10 2021.10/bin/../lib/gcc/arm-none-eabi/10.3.1/../../../../arm-none-eabi/lib/thumb/v8-m.base/nofp\libc_nano.a
LOAD c:/program files (x86)/gnu arm embedded toolchain/10 2021.10/bin/../lib/gcc/arm-none-eabi/10.3.1/../../../../arm-none-eabi/lib/thumb/v8-m.base/nofp\librdimon_nano.a
END GROUP
START GROUP
LOAD c:/program files (x86)/gnu arm embedded toolchain/10 2021.10/bin/../lib/gcc/arm-none-eabi/10.3.1/thumb/v8-m.base/nofp\libgcc.a
LOAD c:/program files (x86)/gnu arm embedded toolchain/10 2021.10/bin/../lib/gcc/arm-none-eabi/10.3.1/../../../../arm-none-eabi/lib/thumb/v8-m.base/nofp\libc_nano.a
LOAD c:/program files (x86)/gnu arm embedded toolchain/10 2021.10/bin/../lib/gcc/arm-none-eabi/10.3.1/../../../../arm-none-eabi/lib/thumb/v8-m.base/nofp\librdimon_nano.a
END GROUP
LOAD c:/program files (x86)/gnu arm embedded toolchain/10 2021.10/bin/../lib/gcc/arm-none-eabi/10.3.1/thumb/v8-m.base/nofp/crtend.o
LOAD c:/program files (x86)/gnu arm embedded toolchain/10 2021.10/bin/../lib/gcc/arm-none-eabi/10.3.1/thumb/v8-m.base/nofp/crtn.o
                0x20004000                RAM_START = 0x20004000
                0x00002000                RAM_LENGTH = 0x2000
                0x00000000                FLASH_START = 0x0
                0x00010000                FLASH_LENGTH = 0x10000
                0x40100000                DATA_FLASH_START = 0x40100000
                0x00000800                DATA_FLASH_LENGTH = 0x800
                0x00000000                OPTION_SETTING_START = 0x0
                0x00000000                OPTION_SETTING_LENGTH = 0x0
                0x80000000                OPTION_SETTING_S_START = 0x80000000
                0x00000000                OPTION_SETTING_S_LENGTH = 0x0
                0x01010018                ID_CODE_START = 0x1010018
                0x00000020                ID_CODE_LENGTH = 0x20
                0x80010000                SDRAM_START = 0x80010000
                0x00000000                SDRAM_LENGTH = 0x0
                0x60000000                QSPI_FLASH_START = 0x60000000
                0x00000000                QSPI_FLASH_LENGTH = 0x0
                0x80020000                OSPI_DEVICE_0_START = 0x80020000
                0x00000000                OSPI_DEVICE_0_LENGTH = 0x0
                0x80030000                OSPI_DEVICE_1_START = 0x80030000
                0x00000000                OSPI_DEVICE_1_LENGTH = 0x0
                0x00000000                QSPI_FLASH_PRV_LENGTH = DEFINED (QSPI_FLASH_SIZE)?ABSOLUTE (QSPI_FLASH_SIZE):ABSOLUTE (QSPI_FLASH_LENGTH)
                0x00000000                OSPI_DEVICE_0_PRV_LENGTH = DEFINED (OSPI_DEVICE_0_SIZE)?ABSOLUTE (OSPI_DEVICE_0_SIZE):ABSOLUTE (OSPI_DEVICE_0_LENGTH)
                0x00000000                OSPI_DEVICE_1_PRV_LENGTH = DEFINED (OSPI_DEVICE_1_SIZE)?ABSOLUTE (OSPI_DEVICE_1_SIZE):ABSOLUTE (OSPI_DEVICE_1_LENGTH)
                0x00000000                __RESERVE_NS_RAM = ((! (DEFINED (PROJECT_NONSECURE)) && DEFINED (RAM_NS_BUFFER_LENGTH)) && (OPTION_SETTING_S_LENGTH != 0x0))
                0x00000000                ITCM_START = DEFINED (ITCM_START)?ITCM_START:0x0
                0x00000000                ITCM_LENGTH = DEFINED (ITCM_LENGTH)?ITCM_LENGTH:0x0
                0x00000000                DTCM_START = DEFINED (DTCM_START)?DTCM_START:0x0
                0x00000000                DTCM_LENGTH = DEFINED (DTCM_LENGTH)?DTCM_LENGTH:0x0
                0x00000000                NS_OFFSET_START = DEFINED (NS_OFFSET_START)?NS_OFFSET_START:0x0
                0x00000000                NS_IMAGE_OFFSET = DEFINED (PROJECT_NONSECURE)?NS_OFFSET_START:0x0
                0x00000000                RAM_NS_BUFFER_BLOCK_LENGTH = DEFINED (RAM_NS_BUFFER_LENGTH)?ALIGN (RAM_NS_BUFFER_LENGTH, 0x2000):0x0
                0x00000000                RAM_NS_BUFFER_LENGTH = DEFINED (RAM_NS_BUFFER_LENGTH)?RAM_NS_BUFFER_LENGTH:0x0
                0x20006000                RAM_NS_BUFFER_START = ((RAM_START + RAM_LENGTH) - RAM_NS_BUFFER_LENGTH)
                0x20006000                RAM_NS_BUFFER_BLOCK_START = ((RAM_START + RAM_LENGTH) - RAM_NS_BUFFER_BLOCK_LENGTH)
                0x00000080                OPTION_SETTING_START_NS = DEFINED (PROJECT_NONSECURE)?OPTION_SETTING_START:(OPTION_SETTING_START + 0x80)
                0x00000001                __bl_FSP_BOOTABLE_IMAGE = 0x1
                0x00000001                __bln_FSP_BOOTABLE_IMAGE = 0x1
                0x00000000                PROJECT_SECURE_OR_FLAT = (((! (DEFINED (PROJECT_NONSECURE)) || DEFINED (PROJECT_SECURE)) && OPTION_SETTING_LENGTH) && ! (DEFINED (FSP_BOOTABLE_IMAGE)))
                0x00000000                USE_OPTION_SETTING_NS = (DEFINED (PROJECT_NONSECURE) && ! (DEFINED (FSP_BOOTABLE_IMAGE)))
                0x00000000                __bl_FLASH_IMAGE_START = ! (DEFINED (FLASH_BOOTLOADER_LENGTH))?0x0:(FLASH_APPLICATION_IMAGE_NUMBER == 0x1)?(FLASH_BOOTLOADER_LENGTH + FLASH_BOOTLOADER_HEADER_LENGTH):(((FLASH_BOOTLOADER_LENGTH + FLASH_BOOTLOADER_SCRATCH_LENGTH) + FLASH_APPLICATION_S_LENGTH) + FLASH_BOOTLOADER_HEADER_LENGTH)
                0x00000000                __bl_FLASH_IMAGE_LENGTH = ! (DEFINED (FLASH_BOOTLOADER_LENGTH))?0x0:(FLASH_APPLICATION_S_LENGTH - FLASH_BOOTLOADER_HEADER_LENGTH)
                0x00000000                __bl_FLASH_IMAGE_END = (__bl_FLASH_IMAGE_START + __bl_FLASH_IMAGE_LENGTH)
                0x00000000                __bl_XIP_SECONDARY_FLASH_IMAGE_START = ! (DEFINED (FLASH_BOOTLOADER_LENGTH))?0x0:((FLASH_BOOTLOADER_LENGTH + FLASH_APPLICATION_S_LENGTH) + FLASH_BOOTLOADER_HEADER_LENGTH)
                0x00000000                __bl_XIP_SECONDARY_FLASH_IMAGE_END = (__bl_XIP_SECONDARY_FLASH_IMAGE_START + __bl_FLASH_IMAGE_LENGTH)
                0x00000000                __bl_FLASH_NS_START = ! (DEFINED (FLASH_BOOTLOADER_LENGTH))?0x0:(FLASH_APPLICATION_NS_LENGTH == 0x0)?__bl_FLASH_IMAGE_END:((__bl_FLASH_IMAGE_START - FLASH_BOOTLOADER_HEADER_LENGTH) + FLASH_APPLICATION_S_LENGTH)
                0x00000000                __bl_FLASH_NSC_START = ! (DEFINED (FLASH_BOOTLOADER_LENGTH))?0x0:(FLASH_APPLICATION_NS_LENGTH == 0x0)?__bl_FLASH_IMAGE_END:(__bl_FLASH_NS_START - FLASH_APPLICATION_NSC_LENGTH)
                0x00000000                __bl_RAM_NS_START = ! (DEFINED (FLASH_BOOTLOADER_LENGTH))?0x0:(FLASH_APPLICATION_NS_LENGTH == 0x0)?(RAM_START + RAM_LENGTH):((RAM_START + RAM_LENGTH) - RAM_APPLICATION_NS_LENGTH)
                0x00000000                __bl_RAM_NSC_START = ! (DEFINED (FLASH_BOOTLOADER_LENGTH))?0x0:(FLASH_APPLICATION_NS_LENGTH == 0x0)?(RAM_START + RAM_LENGTH):(__bl_RAM_NS_START - RAM_APPLICATION_NSC_LENGTH)
                0x00000000                __bl_FLASH_NS_IMAGE_START = ! (DEFINED (FLASH_BOOTLOADER_LENGTH))?0x0:(FLASH_APPLICATION_NS_LENGTH == 0x0)?__bl_FLASH_IMAGE_END:(__bl_FLASH_NS_START + FLASH_BOOTLOADER_HEADER_LENGTH_2)
                0x00000000                __bln_FLASH_IMAGE_START = __bl_FLASH_NS_IMAGE_START
                0x00000000                __bln_FLASH_IMAGE_LENGTH = ! (DEFINED (FLASH_BOOTLOADER_LENGTH))?0x0:(FLASH_APPLICATION_NS_LENGTH == 0x0)?__bl_FLASH_IMAGE_END:(FLASH_APPLICATION_NS_LENGTH - FLASH_BOOTLOADER_HEADER_LENGTH_2)
                0x00000000                XIP_SECONDARY_SLOT_IMAGE = DEFINED (XIP_SECONDARY_SLOT_IMAGE)?XIP_SECONDARY_SLOT_IMAGE:0x0
                0x00000000                FLASH_ORIGIN = ! (DEFINED (FLASH_IMAGE_START))?FLASH_START:(XIP_SECONDARY_SLOT_IMAGE == 0x1)?XIP_SECONDARY_FLASH_IMAGE_START:FLASH_IMAGE_START
                0x00010000                LIMITED_FLASH_LENGTH = DEFINED (FLASH_IMAGE_LENGTH)?FLASH_IMAGE_LENGTH:DEFINED (FLASH_BOOTLOADER_LENGTH)?FLASH_BOOTLOADER_LENGTH:FLASH_LENGTH
START GROUP
LOAD c:/program files (x86)/gnu arm embedded toolchain/10 2021.10/bin/../lib/gcc/arm-none-eabi/10.3.1/thumb/v8-m.base/nofp\libgcc.a
LOAD c:/program files (x86)/gnu arm embedded toolchain/10 2021.10/bin/../lib/gcc/arm-none-eabi/10.3.1/../../../../arm-none-eabi/lib/thumb/v8-m.base/nofp\libc.a
LOAD c:/program files (x86)/gnu arm embedded toolchain/10 2021.10/bin/../lib/gcc/arm-none-eabi/10.3.1/../../../../arm-none-eabi/lib/thumb/v8-m.base/nofp\libm.a
LOAD c:/program files (x86)/gnu arm embedded toolchain/10 2021.10/bin/../lib/gcc/arm-none-eabi/10.3.1/../../../../arm-none-eabi/lib/thumb/v8-m.base/nofp\libnosys.a
END GROUP

.itcm_data      0x00000000        0x0
                0x00000000                __tz_ITCM_S = ABSOLUTE (ITCM_START)
                0x00000000                __itcm_data_start__ = .
 *(.itcm_data*)
                0x00000000                __itcm_data_end__ = .
                0x00000000                __tz_ITCM_N = DEFINED (ITCM_NS_START)?ABSOLUTE (ITCM_NS_START):ALIGN (__itcm_data_end__, 0x2000)

.text           0x00000000     0x2ed4
                0x00000000                __tz_FLASH_S = ABSOLUTE (FLASH_START)
                0x00000000                __ROM_Start = .
 *(.fixed_vectors*)
 .fixed_vectors
                0x00000000       0x40 ./ra/fsp/src/bsp/cmsis/Device/RENESAS/Source/startup.o
                0x00000000                __Vectors
 *(.application_vectors*)
 .application_vectors
                0x00000040       0x80 ./ra_gen/vector_data.o
                0x00000040                g_vector_table
                0x000000c0                __Vectors_End = .
                0x00000400                . = (OPTION_SETTING_LENGTH > 0x0)?.:(__ROM_Start + 0x400)
 *fill*         0x000000c0      0x340 ff
 *(.rom_registers*)
 .rom_registers
                0x00000400       0x3c ./ra/fsp/src/bsp/mcu/all/bsp_rom_registers.o
                0x00000500                . = (OPTION_SETTING_LENGTH > 0x0)?.:(__ROM_Start + 0x500)
 *fill*         0x0000043c       0xc4 ff
                0x00000500                . = ALIGN (0x80)
 *(.mcuboot_sce9_key*)
 *(.text*)
 .text          0x00000500       0x50 c:/program files (x86)/gnu arm embedded toolchain/10 2021.10/bin/../lib/gcc/arm-none-eabi/10.3.1/thumb/v8-m.base/nofp/crtbegin.o
 .text._WriteNoCheck
                0x00000550       0x54 ./src/SEGGER_RTT/SEGGER_RTT.o
 .text._WriteBlocking
                0x000005a4       0x6c ./src/SEGGER_RTT/SEGGER_RTT.o
 .text._DoInit  0x00000610       0x78 ./src/SEGGER_RTT/SEGGER_RTT.o
 .text.SEGGER_RTT_ReadNoLock
                0x00000688      0x104 ./src/SEGGER_RTT/SEGGER_RTT.o
                0x00000688                SEGGER_RTT_ReadNoLock
 .text.SEGGER_RTT_Read
                0x0000078c       0x1c ./src/SEGGER_RTT/SEGGER_RTT.o
                0x0000078c                SEGGER_RTT_Read
 .text.SEGGER_RTT_WriteNoLock
                0x000007a8       0x88 ./src/SEGGER_RTT/SEGGER_RTT.o
                0x000007a8                SEGGER_RTT_WriteNoLock
 .text.SEGGER_RTT_Write
                0x00000830       0x34 ./src/SEGGER_RTT/SEGGER_RTT.o
                0x00000830                SEGGER_RTT_Write
 .text.SEGGER_RTT_HasKey
                0x00000864       0x20 ./src/SEGGER_RTT/SEGGER_RTT.o
                0x00000864                SEGGER_RTT_HasKey
 .text._StoreChar
                0x00000884       0x40 ./src/SEGGER_RTT/SEGGER_RTT_printf.o
 .text._PrintUnsigned
                0x000008c4      0x100 ./src/SEGGER_RTT/SEGGER_RTT_printf.o
 .text.SEGGER_RTT_vprintf
                0x000009c4      0x308 ./src/SEGGER_RTT/SEGGER_RTT_printf.o
                0x000009c4                SEGGER_RTT_vprintf
 .text.SEGGER_RTT_printf
                0x00000ccc       0x1c ./src/SEGGER_RTT/SEGGER_RTT_printf.o
                0x00000ccc                SEGGER_RTT_printf
 .text.init_icu_module
                0x00000ce8       0x40 ./src/ext_irq_setup.o
                0x00000ce8                init_icu_module
 .text.enable_icu_module
                0x00000d28       0x38 ./src/ext_irq_setup.o
                0x00000d28                enable_icu_module
 .text.deinit_icu_module
                0x00000d60       0x34 ./src/ext_irq_setup.o
                0x00000d60                deinit_icu_module
 .text.ext_irq_callback
                0x00000d94       0x40 ./src/ext_irq_setup.o
                0x00000d94                ext_irq_callback
 .text.hal_entry
                0x00000dd4      0x2f4 ./src/hal_entry.o
                0x00000dd4                hal_entry
 .text.R_BSP_WarmStart
                0x000010c8       0x20 ./src/hal_entry.o
                0x000010c8                R_BSP_WarmStart
 .text.init_gpt_module
                0x000010e8       0x40 ./src/timer_setup.o
                0x000010e8                init_gpt_module
 .text.timer_start
                0x00001128       0x38 ./src/timer_setup.o
                0x00001128                timer_start
 .text.deinit_gpt_module
                0x00001160       0x34 ./src/timer_setup.o
                0x00001160                deinit_gpt_module
 .text.gpt_callback
                0x00001194       0x84 ./src/timer_setup.o
                0x00001194                gpt_callback
 .text.startup.main
                0x00001218        0xc ./ra_gen/main.o
                0x00001218                main
 .text.R_WDT_Refresh
                0x00001224       0x2c ./ra/fsp/src/r_wdt/r_wdt.o
                0x00001224                R_WDT_Refresh
 .text.R_WDT_Open
                0x00001250       0x90 ./ra/fsp/src/r_wdt/r_wdt.o
                0x00001250                R_WDT_Open
 .text.r_sci_uart_call_callback
                0x000012e0       0x50 ./ra/fsp/src/r_sci_uart/r_sci_uart.o
 .text.sci_uart_txi_isr
                0x00001330       0x94 ./ra/fsp/src/r_sci_uart/r_sci_uart.o
                0x00001330                sci_uart_txi_isr
 .text.sci_uart_rxi_isr
                0x000013c4       0xa0 ./ra/fsp/src/r_sci_uart/r_sci_uart.o
                0x000013c4                sci_uart_rxi_isr
 .text.sci_uart_tei_isr
                0x00001464       0x4c ./ra/fsp/src/r_sci_uart/r_sci_uart.o
                0x00001464                sci_uart_tei_isr
 .text.sci_uart_eri_isr
                0x000014b0       0x78 ./ra/fsp/src/r_sci_uart/r_sci_uart.o
                0x000014b0                sci_uart_eri_isr
 .text.R_IOPORT_PinWrite
                0x00001528       0x48 ./ra/fsp/src/r_ioport/r_ioport.o
                0x00001528                R_IOPORT_PinWrite
 .text.r_ioport_pins_config
                0x00001570       0xf8 ./ra/fsp/src/r_ioport/r_ioport.o
 .text.R_IOPORT_Open
                0x00001668       0x30 ./ra/fsp/src/r_ioport/r_ioport.o
                0x00001668                R_IOPORT_Open
 .text.R_ICU_ExternalIrqOpen
                0x00001698       0xf0 ./ra/fsp/src/r_icu/r_icu.o
                0x00001698                R_ICU_ExternalIrqOpen
 .text.R_ICU_ExternalIrqEnable
                0x00001788       0x6c ./ra/fsp/src/r_icu/r_icu.o
                0x00001788                R_ICU_ExternalIrqEnable
 .text.R_ICU_ExternalIrqClose
                0x000017f4       0x5c ./ra/fsp/src/r_icu/r_icu.o
                0x000017f4                R_ICU_ExternalIrqClose
 .text.r_icu_isr
                0x00001850       0x78 ./ra/fsp/src/r_icu/r_icu.o
                0x00001850                r_icu_isr
 .text.R_GPT_Stop
                0x000018c8       0x24 ./ra/fsp/src/r_gpt/r_gpt.o
                0x000018c8                R_GPT_Stop
 .text.R_GPT_Start
                0x000018ec       0x24 ./ra/fsp/src/r_gpt/r_gpt.o
                0x000018ec                R_GPT_Start
 .text.r_gpt_call_callback
                0x00001910       0x40 ./ra/fsp/src/r_gpt/r_gpt.o
 .text.gpt_calculate_duty_cycle.isra.0
                0x00001950       0x60 ./ra/fsp/src/r_gpt/r_gpt.o
 .text.r_gpt_enable_irq
                0x000019b0       0x94 ./ra/fsp/src/r_gpt/r_gpt.o
 .text.R_GPT_Open
                0x00001a44      0x310 ./ra/fsp/src/r_gpt/r_gpt.o
                0x00001a44                R_GPT_Open
 .text.R_GPT_Close
                0x00001d54       0xd4 ./ra/fsp/src/r_gpt/r_gpt.o
                0x00001d54                R_GPT_Close
 .text.gpt_counter_overflow_isr
                0x00001e28       0xa8 ./ra/fsp/src/r_gpt/r_gpt.o
                0x00001e28                gpt_counter_overflow_isr
 .text.SystemCoreClockUpdate
                0x00001ed0       0x2c ./ra/fsp/src/bsp/mcu/all/bsp_clocks.o
                0x00001ed0                SystemCoreClockUpdate
 .text.bsp_clock_init
                0x00001efc      0x104 ./ra/fsp/src/bsp/mcu/all/bsp_clocks.o
                0x00001efc                bsp_clock_init
 .text.R_FSP_VersionGet
                0x00002000       0x14 ./ra/fsp/src/bsp/mcu/all/bsp_common.o
                0x00002000                R_FSP_VersionGet
 .text.NMI_Handler
                0x00002014       0x48 ./ra/fsp/src/bsp/mcu/all/bsp_group_irq.o
                0x00002014                NMI_Handler
 .text.bsp_irq_cfg
                0x0000205c       0x28 ./ra/fsp/src/bsp/mcu/all/bsp_irq.o
                0x0000205c                bsp_irq_cfg
 .text.R_BSP_RegisterProtectEnable
                0x00002084       0x54 ./ra/fsp/src/bsp/mcu/all/bsp_register_protection.o
                0x00002084                R_BSP_RegisterProtectEnable
 .text.R_BSP_RegisterProtectDisable
                0x000020d8       0x4c ./ra/fsp/src/bsp/mcu/all/bsp_register_protection.o
                0x000020d8                R_BSP_RegisterProtectDisable
 .text.Default_Handler
                0x00002124        0x4 ./ra/fsp/src/bsp/cmsis/Device/RENESAS/Source/startup.o
                0x00002124                DebugMon_Handler
                0x00002124                HardFault_Handler
                0x00002124                SysTick_Handler
                0x00002124                PendSV_Handler
                0x00002124                UsageFault_Handler
                0x00002124                SecureFault_Handler
                0x00002124                Default_Handler
                0x00002124                MemManage_Handler
                0x00002124                SVC_Handler
                0x00002124                BusFault_Handler
 .text.Reset_Handler
                0x00002128        0xc ./ra/fsp/src/bsp/cmsis/Device/RENESAS/Source/startup.o
                0x00002128                Reset_Handler
 .text.SystemInit
                0x00002134      0x140 ./ra/fsp/src/bsp/cmsis/Device/RENESAS/Source/system.o
                0x00002134                SystemInit
 .text.bsp_init
                0x00002274        0x4 ./ra/board/ra2e2_ek/board_init.o
                0x00002274                bsp_init
 .text.atoi     0x00002278        0xc c:/program files (x86)/gnu arm embedded toolchain/10 2021.10/bin/../lib/gcc/arm-none-eabi/10.3.1/../../../../arm-none-eabi/lib/thumb/v8-m.base/nofp\libg_nano.a(lib_a-atoi.o)
                0x00002278                atoi
 .text.__errno  0x00002284        0xc c:/program files (x86)/gnu arm embedded toolchain/10 2021.10/bin/../lib/gcc/arm-none-eabi/10.3.1/../../../../arm-none-eabi/lib/thumb/v8-m.base/nofp\libg_nano.a(lib_a-errno.o)
                0x00002284                __errno
 .text.memcpy   0x00002290       0x12 c:/program files (x86)/gnu arm embedded toolchain/10 2021.10/bin/../lib/gcc/arm-none-eabi/10.3.1/../../../../arm-none-eabi/lib/thumb/v8-m.base/nofp\libg_nano.a(lib_a-memcpy-stub.o)
                0x00002290                memcpy
 .text.memset   0x000022a2       0x10 c:/program files (x86)/gnu arm embedded toolchain/10 2021.10/bin/../lib/gcc/arm-none-eabi/10.3.1/../../../../arm-none-eabi/lib/thumb/v8-m.base/nofp\libg_nano.a(lib_a-memset.o)
                0x000022a2                memset
 *fill*         0x000022b2        0x2 ff
 .text._strtol_l.constprop.0
                0x000022b4      0x11c c:/program files (x86)/gnu arm embedded toolchain/10 2021.10/bin/../lib/gcc/arm-none-eabi/10.3.1/../../../../arm-none-eabi/lib/thumb/v8-m.base/nofp\libg_nano.a(lib_a-strtol.o)
 .text.strtol   0x000023d0       0x18 c:/program files (x86)/gnu arm embedded toolchain/10 2021.10/bin/../lib/gcc/arm-none-eabi/10.3.1/../../../../arm-none-eabi/lib/thumb/v8-m.base/nofp\libg_nano.a(lib_a-strtol.o)
                0x000023d0                strtol
 *(.version)
 .version       0x000023e8       0x50 ./ra/fsp/src/bsp/mcu/all/bsp_common.o
 *(.init)
 .init          0x00002438        0x4 c:/program files (x86)/gnu arm embedded toolchain/10 2021.10/bin/../lib/gcc/arm-none-eabi/10.3.1/thumb/v8-m.base/nofp/crti.o
                0x00002438                _init
 .init          0x0000243c        0x8 c:/program files (x86)/gnu arm embedded toolchain/10 2021.10/bin/../lib/gcc/arm-none-eabi/10.3.1/thumb/v8-m.base/nofp/crtn.o
 *(.fini)
 .fini          0x00002444        0x4 c:/program files (x86)/gnu arm embedded toolchain/10 2021.10/bin/../lib/gcc/arm-none-eabi/10.3.1/thumb/v8-m.base/nofp/crti.o
                0x00002444                _fini
 .fini          0x00002448        0x8 c:/program files (x86)/gnu arm embedded toolchain/10 2021.10/bin/../lib/gcc/arm-none-eabi/10.3.1/thumb/v8-m.base/nofp/crtn.o
 *crtbegin.o(.ctors)
 *crtbegin?.o(.ctors)
 *(EXCLUDE_FILE(*crtend.o *crtend?.o) .ctors)
 *(SORT_BY_NAME(.ctors.*))
 *(.ctors)
 *crtbegin.o(.dtors)
 *crtbegin?.o(.dtors)
 *(EXCLUDE_FILE(*crtend.o *crtend?.o) .dtors)
 *(SORT_BY_NAME(.dtors.*))
 *(.dtors)
 *(.rodata*)
 .rodata._DoInit.str1.4
                0x00002450        0x9 ./src/SEGGER_RTT/SEGGER_RTT.o
 *fill*         0x00002459        0x3 ff
 .rodata._aInitStr.0
                0x0000245c       0x11 ./src/SEGGER_RTT/SEGGER_RTT.o
 *fill*         0x0000246d        0x3 ff
 .rodata.SEGGER_RTT_vprintf
                0x00002470       0x84 ./src/SEGGER_RTT/SEGGER_RTT_printf.o
 .rodata._aV2C.0
                0x000024f4       0x10 ./src/SEGGER_RTT/SEGGER_RTT_printf.o
 .rodata.init_icu_module.str1.4
                0x00002504       0x4c ./src/ext_irq_setup.o
 .rodata.enable_icu_module.str1.4
                0x00002550       0x2f ./src/ext_irq_setup.o
 *fill*         0x0000257f        0x1 ff
 .rodata.deinit_icu_module.str1.4
                0x00002580       0x2e ./src/ext_irq_setup.o
 *fill*         0x000025ae        0x2 ff
 .rodata.ext_irq_callback.str1.4
                0x000025b0       0x53 ./src/ext_irq_setup.o
 *fill*         0x00002603        0x1 ff
 .rodata.__FUNCTION__.0
                0x00002604       0x11 ./src/ext_irq_setup.o
 *fill*         0x00002615        0x3 ff
 .rodata.__FUNCTION__.1
                0x00002618       0x12 ./src/ext_irq_setup.o
 *fill*         0x0000262a        0x2 ff
 .rodata.__FUNCTION__.2
                0x0000262c       0x12 ./src/ext_irq_setup.o
 *fill*         0x0000263e        0x2 ff
 .rodata.__FUNCTION__.3
                0x00002640       0x10 ./src/ext_irq_setup.o
 .rodata.hal_entry.str1.4
                0x00002650      0x515 ./src/hal_entry.o
                                0x531 (size before relaxing)
 *fill*         0x00002b65        0x3 ff
 .rodata.__FUNCTION__.0
                0x00002b68       0x14 ./src/hal_entry.o
 .rodata.__FUNCTION__.1
                0x00002b7c        0xa ./src/hal_entry.o
 *fill*         0x00002b86        0x2 ff
 .rodata.init_gpt_module.str1.4
                0x00002b88       0x27 ./src/timer_setup.o
                                 0x44 (size before relaxing)
 *fill*         0x00002baf        0x1 ff
 .rodata.timer_start.str1.4
                0x00002bb0       0x23 ./src/timer_setup.o
 *fill*         0x00002bd3        0x1 ff
 .rodata.deinit_gpt_module.str1.4
                0x00002bd4       0x23 ./src/timer_setup.o
 *fill*         0x00002bf7        0x1 ff
 .rodata.gpt_callback.str1.4
                0x00002bf8       0x25 ./src/timer_setup.o
 *fill*         0x00002c1d        0x3 ff
 .rodata.__FUNCTION__.1
                0x00002c20        0xd ./src/timer_setup.o
 *fill*         0x00002c2d        0x3 ff
 .rodata.__FUNCTION__.2
                0x00002c30       0x12 ./src/timer_setup.o
 *fill*         0x00002c42        0x2 ff
 .rodata.__FUNCTION__.3
                0x00002c44        0xc ./src/timer_setup.o
 .rodata.__FUNCTION__.4
                0x00002c50       0x10 ./src/timer_setup.o
 .rodata.g_external_irq_cfg
                0x00002c60       0x14 ./ra_gen/common_data.o
                0x00002c60                g_external_irq_cfg
 .rodata.g_timer_cfg
                0x00002c74       0x20 ./ra_gen/hal_data.o
                0x00002c74                g_timer_cfg
 .rodata.g_timer_extend
                0x00002c94       0x30 ./ra_gen/hal_data.o
                0x00002c94                g_timer_extend
 .rodata.g_wdt_cfg
                0x00002cc4       0x14 ./ra_gen/hal_data.o
                0x00002cc4                g_wdt_cfg
 .rodata.g_bsp_pin_cfg
                0x00002cd8        0x8 ./ra_gen/pin_data.o
                0x00002cd8                g_bsp_pin_cfg
 .rodata.g_bsp_pin_cfg_data
                0x00002ce0       0x50 ./ra_gen/pin_data.o
                0x00002ce0                g_bsp_pin_cfg_data
 .rodata.g_interrupt_event_link_select
                0x00002d30       0x20 ./ra_gen/vector_data.o
                0x00002d30                g_interrupt_event_link_select
 .rodata.g_wdtcr_timeout
                0x00002d50        0x7 ./ra/fsp/src/r_wdt/r_wdt.o
 *fill*         0x00002d57        0x1 ff
 .rodata.g_prcr_masks
                0x00002d58        0x8 ./ra/fsp/src/bsp/mcu/all/bsp_register_protection.o
 .rodata.g_bsp_leds
                0x00002d60        0x8 ./ra/board/ra2e2_ek/board_leds.o
                0x00002d60                g_bsp_leds
 .rodata.g_bsp_prv_leds
                0x00002d68        0x6 ./ra/board/ra2e2_ek/board_leds.o
 .rodata._ctype_
                0x00002d6e      0x101 c:/program files (x86)/gnu arm embedded toolchain/10 2021.10/bin/../lib/gcc/arm-none-eabi/10.3.1/../../../../arm-none-eabi/lib/thumb/v8-m.base/nofp\libg_nano.a(lib_a-ctype_.o)
                0x00002d6e                _ctype_
 *fill*         0x00002e6f        0x1 ff
 .rodata.__sf_fake_stderr
                0x00002e70       0x20 c:/program files (x86)/gnu arm embedded toolchain/10 2021.10/bin/../lib/gcc/arm-none-eabi/10.3.1/../../../../arm-none-eabi/lib/thumb/v8-m.base/nofp\libc_nano.a(lib_a-findfp.o)
                0x00002e70                __sf_fake_stderr
 .rodata.__sf_fake_stdin
                0x00002e90       0x20 c:/program files (x86)/gnu arm embedded toolchain/10 2021.10/bin/../lib/gcc/arm-none-eabi/10.3.1/../../../../arm-none-eabi/lib/thumb/v8-m.base/nofp\libc_nano.a(lib_a-findfp.o)
                0x00002e90                __sf_fake_stdin
 .rodata.__sf_fake_stdout
                0x00002eb0       0x20 c:/program files (x86)/gnu arm embedded toolchain/10 2021.10/bin/../lib/gcc/arm-none-eabi/10.3.1/../../../../arm-none-eabi/lib/thumb/v8-m.base/nofp\libc_nano.a(lib_a-findfp.o)
                0x00002eb0                __sf_fake_stdout
                0x00002ed0                __usb_dev_descriptor_start_fs = .
 *(.usb_device_desc_fs*)
                0x00002ed0                __usb_cfg_descriptor_start_fs = .
 *(.usb_config_desc_fs*)
                0x00002ed0                __usb_interface_descriptor_start_fs = .
 *(.usb_interface_desc_fs*)
                0x00002ed0                __usb_descriptor_end_fs = .
                0x00002ed0                __usb_dev_descriptor_start_hs = .
 *(.usb_device_desc_hs*)
                0x00002ed0                __usb_cfg_descriptor_start_hs = .
 *(.usb_config_desc_hs*)
                0x00002ed0                __usb_interface_descriptor_start_hs = .
 *(.usb_interface_desc_hs*)
                0x00002ed0                __usb_descriptor_end_hs = .
 *(.eh_frame*)
 .eh_frame      0x00002ed0        0x0 c:/program files (x86)/gnu arm embedded toolchain/10 2021.10/bin/../lib/gcc/arm-none-eabi/10.3.1/thumb/v8-m.base/nofp/crtbegin.o
 .eh_frame      0x00002ed0        0x4 c:/program files (x86)/gnu arm embedded toolchain/10 2021.10/bin/../lib/gcc/arm-none-eabi/10.3.1/thumb/v8-m.base/nofp/crtend.o
                0x00002ed4                __ROM_End = .
                0x000000c0                __Vectors_Size = (__Vectors_End - __Vectors)

.glue_7         0x00002ed4        0x0
 .glue_7        0x00002ed4        0x0 linker stubs

.glue_7t        0x00002ed4        0x0
 .glue_7t       0x00002ed4        0x0 linker stubs

.vfp11_veneer   0x00002ed4        0x0
 .vfp11_veneer  0x00002ed4        0x0 linker stubs

.v4_bx          0x00002ed4        0x0
 .v4_bx         0x00002ed4        0x0 linker stubs

.iplt           0x00002ed4        0x0
 .iplt          0x00002ed4        0x0 c:/program files (x86)/gnu arm embedded toolchain/10 2021.10/bin/../lib/gcc/arm-none-eabi/10.3.1/thumb/v8-m.base/nofp/crtbegin.o

.ARM.extab
 *(.ARM.extab* .gnu.linkonce.armextab.*)
                0x00002ed4                __exidx_start = .

.ARM.exidx
 *(.ARM.exidx* .gnu.linkonce.armexidx.*)
                0x00002ed4                __exidx_end = .
                0x00002ed4                __etext = .
                0x20004000                __tz_RAM_S = ORIGIN (RAM)

.fsp_dtc_vector_table
                0x20004000        0x0
                0x20004000                . = ORIGIN (RAM)
 *(.fsp_dtc_vector_table)

.data           0x20004000       0x70 load address 0x00002ed4
                0x20004000                __data_start__ = .
                0x20004000                . = ALIGN (0x4)
                0x20004000                __Code_In_RAM_Start = .
 *(.code_in_ram*)
                0x20004000                __Code_In_RAM_End = .
 *(vtable)
 *(.data.*)
 .data.level_led.0
                0x20004000        0x1 ./src/timer_setup.o
 *fill*         0x20004001        0x3 
 .data._impure_ptr
                0x20004004        0x4 c:/program files (x86)/gnu arm embedded toolchain/10 2021.10/bin/../lib/gcc/arm-none-eabi/10.3.1/../../../../arm-none-eabi/lib/thumb/v8-m.base/nofp\libg_nano.a(lib_a-impure.o)
                0x20004004                _impure_ptr
 .data.impure_data
                0x20004008       0x60 c:/program files (x86)/gnu arm embedded toolchain/10 2021.10/bin/../lib/gcc/arm-none-eabi/10.3.1/../../../../arm-none-eabi/lib/thumb/v8-m.base/nofp\libg_nano.a(lib_a-impure.o)
 *(.data)
                0x20004068                . = ALIGN (0x4)
                0x20004068                PROVIDE (__preinit_array_start = .)
 *(.preinit_array)
                0x20004068                PROVIDE (__preinit_array_end = .)
                0x20004068                . = ALIGN (0x4)
                0x20004068                PROVIDE (__init_array_start = .)
 *(SORT_BY_NAME(.init_array.*))
 *(.init_array)
 .init_array    0x20004068        0x4 c:/program files (x86)/gnu arm embedded toolchain/10 2021.10/bin/../lib/gcc/arm-none-eabi/10.3.1/thumb/v8-m.base/nofp/crtbegin.o
                0x2000406c                PROVIDE (__init_array_end = .)
                0x2000406c                . = ALIGN (0x4)
                [!provide]                PROVIDE (__fini_array_start = .)
 *(SORT_BY_NAME(.fini_array.*))
 *(.fini_array)
 .fini_array    0x2000406c        0x4 c:/program files (x86)/gnu arm embedded toolchain/10 2021.10/bin/../lib/gcc/arm-none-eabi/10.3.1/thumb/v8-m.base/nofp/crtbegin.o
                [!provide]                PROVIDE (__fini_array_end = .)
 *(.jcr*)
                0x20004070                . = ALIGN (0x4)
                0x20004070                __data_end__ = .
                0x00002f44                __dtcm_data_init_start = ((__etext + __data_end__) - __data_start__)

.igot.plt       0x20004070        0x0 load address 0x00002f44
 .igot.plt      0x20004070        0x0 c:/program files (x86)/gnu arm embedded toolchain/10 2021.10/bin/../lib/gcc/arm-none-eabi/10.3.1/thumb/v8-m.base/nofp/crtbegin.o

.dtcm_data      0x00000000        0x0 load address 0x00002f44
                0x00000000                __tz_DTCM_S = ABSOLUTE (DTCM_START)
                0x00000000                __dtcm_data_start__ = .
 *(.dtcm_data*)
                0x00000000                __dtcm_data_end__ = .

.dtcm_noinit    0x00000000        0x0 load address 0x00002f44
                0x00000000                __dtcm_noinit_start = .
 *(.dtcm_noinit*)
                0x00000000                __dtcm_noinit_end = .
                0x00000000                __tz_DTCM_N = DEFINED (DTCM_NS_START)?ABSOLUTE (DTCM_NS_START):ALIGN (__dtcm_noinit_end, 0x2000)
                0x00002f44                DATA_END = (LOADADDR (.data) + SIZEOF (.data))
                0x00003000                SGSTUBS_LOC = (DEFINED (PROJECT_SECURE) && DEFINED (FLASH_NSC_START))?ABSOLUTE (FLASH_NSC_START):ALIGN (DATA_END, 0x400)

.gnu.sgstubs    0x00003000        0x0
                0x00003000                __tz_FLASH_C = DEFINED (FLASH_NSC_START)?ABSOLUTE (FLASH_NSC_START):__RESERVE_NS_RAM?ABSOLUTE ((FLASH_START + FLASH_LENGTH)):ALIGN (0x400)
                0x00003000                _start_sg = .
 *(.gnu.sgstubs*)
                0x00003000                . = ALIGN (0x20)
                0x00003000                _end_sg = .
                0x00008000                __tz_FLASH_N = DEFINED (FLASH_NS_START)?ABSOLUTE (FLASH_NS_START):__RESERVE_NS_RAM?ABSOLUTE ((FLASH_START + FLASH_LENGTH)):(FLASH_LENGTH < 0x8000)?FLASH_LENGTH:ALIGN (0x8000)
                0x00008000                FLASH_NS_IMAGE_START = DEFINED (FLASH_NS_IMAGE_START)?FLASH_NS_IMAGE_START:__tz_FLASH_N
                0x60000000                __tz_QSPI_FLASH_S = ORIGIN (QSPI_FLASH)

.qspi_flash     0x60000000        0x0
                0x60000000                __qspi_flash_start__ = .
 *(.qspi_flash*)
 *(.code_in_qspi*)
                0x60000000                __qspi_flash_end__ = .
                0x00000000                __qspi_flash_code_size__ = (__qspi_flash_end__ - __qspi_flash_start__)
                0x00002f44                __qspi_flash_code_addr__ = (__etext + (__data_end__ - __data_start__))

.qspi_non_retentive
                0x60000000        0x0 load address 0x00002f44
                0x60000000                __qspi_non_retentive_start__ = .
 *(.qspi_non_retentive*)
                0x60000000                __qspi_non_retentive_end__ = .
                0x00000000                __qspi_non_retentive_size__ = (__qspi_non_retentive_end__ - __qspi_non_retentive_start__)
                0x04000000                __qspi_region_max_size__ = 0x4000000
                0x60000000                __qspi_region_start_address__ = __qspi_flash_start__
                0x64000000                __qspi_region_end_address__ = (__qspi_flash_start__ + __qspi_region_max_size__)
                0x60000000                __tz_QSPI_FLASH_N = __qspi_non_retentive_end__

.OSPI_DEVICE_0_NO_LOAD
                0x80020000        0x0
                0x80020000                . = ALIGN (0x4)
                0x80020000                __ospi_device_0_start__ = .
 *(.ospi_device_0_no_load*)
                0x80020000                . = ALIGN (0x4)
                0x80020000                __ospi_device_0_end__ = .

.OSPI_DEVICE_1_NO_LOAD
                0x80030000        0x0
                0x80030000                . = ALIGN (0x4)
                0x80030000                __ospi_device_1_start__ = .
 *(.ospi_device_1_no_load*)
                0x80030000                . = ALIGN (0x4)
                0x80030000                __ospi_device_1_end__ = .
                0x80020000                __tz_OSPI_DEVICE_0_S = ORIGIN (OSPI_DEVICE_0)

.OSPI_DEVICE_0  0x80020000        0x0
                0x80020000                __ospi_device_0_start__ = .
 *(.ospi_device_0*)
 *(.code_in_ospi_device_0*)
                0x80020000                __ospi_device_0_end__ = .
                0x00000000                __ospi_device_0_code_size__ = (__ospi_device_0_end__ - __ospi_device_0_start__)
                0x00002f44                __ospi_device_0_code_addr__ = (__etext + (__data_end__ - __data_start__))

.ospi_device_0_non_retentive
                0x80020000        0x0 load address 0x00002f44
                0x80020000                __ospi_device_0_non_retentive_start__ = .
 *(.ospi_device_0_non_retentive*)
                0x80020000                __ospi_device_0_non_retentive_end__ = .
                0x00000000                __ospi_device_0_non_retentive_size__ = (__ospi_device_0_non_retentive_end__ - __ospi_device_0_non_retentive_start__)
                0x08000000                __ospi_device_0_region_max_size__ = 0x8000000
                0x80020000                __ospi_device_0_region_start_address__ = __ospi_device_0_start__
                0x88020000                __ospi_device_0_region_end_address__ = (__ospi_device_0_start__ + __ospi_device_0_region_max_size__)
                0x80020000                __tz_OSPI_DEVICE_0_N = __ospi_device_0_non_retentive_end__
                0x80030000                __tz_OSPI_DEVICE_1_S = ORIGIN (OSPI_DEVICE_1)

.OSPI_DEVICE_1  0x80030000        0x0
                0x80030000                __ospi_device_1_start__ = .
 *(.ospi_device_1*)
 *(.code_in_ospi_device_1*)
                0x80030000                __ospi_device_1_end__ = .
                0x00000000                __ospi_device_1_code_size__ = (__ospi_device_1_end__ - __ospi_device_1_start__)
                0x00002f44                __ospi_device_1_code_addr__ = (__etext + (__data_end__ - __data_start__))

.ospi_device_1_non_retentive
                0x80030000        0x0 load address 0x00002f44
                0x80030000                __ospi_device_1_non_retentive_start__ = .
 *(.ospi_device_1_non_retentive*)
                0x80030000                __ospi_device_1_non_retentive_end__ = .
                0x00000000                __ospi_device_1_non_retentive_size__ = (__ospi_device_1_non_retentive_end__ - __ospi_device_1_non_retentive_start__)
                0x10000000                __ospi_device_1_region_max_size__ = 0x10000000
                0x80030000                __ospi_device_1_region_start_address__ = __ospi_device_1_start__
                0x90030000                __ospi_device_1_region_end_address__ = (__ospi_device_1_start__ + __ospi_device_1_region_max_size__)
                0x80030000                __tz_OSPI_DEVICE_1_N = __ospi_device_1_non_retentive_end__

.noinit         0x20004070       0x18
                0x20004070                . = ALIGN (0x4)
                0x20004070                __noinit_start = .
 *(.noinit*)
 .noinit        0x20004070       0x14 ./ra/fsp/src/bsp/mcu/all/bsp_clocks.o
                0x20004088                . = ALIGN (0x8)
 *fill*         0x20004084        0x4 
 *(.heap.*)
                0x20004088                __noinit_end = .

.bss            0x20004088      0x5f0
                0x20004088                . = ALIGN (0x4)
                0x20004088                __bss_start__ = .
 *(.bss*)
 .bss           0x20004088       0x1c c:/program files (x86)/gnu arm embedded toolchain/10 2021.10/bin/../lib/gcc/arm-none-eabi/10.3.1/thumb/v8-m.base/nofp/crtbegin.o
 .bss._SEGGER_RTT
                0x200040a4       0xa8 ./src/SEGGER_RTT/SEGGER_RTT.o
                0x200040a4                _SEGGER_RTT
 .bss._acDownBuffer
                0x2000414c       0x10 ./src/SEGGER_RTT/SEGGER_RTT.o
 .bss._acUpBuffer
                0x2000415c      0x400 ./src/SEGGER_RTT/SEGGER_RTT.o
 .bss.g_timer_overflow_counter
                0x2000455c        0x4 ./src/timer_setup.o
                0x2000455c                g_timer_overflow_counter
 .bss.g_external_irq_ctrl
                0x20004560       0x10 ./ra_gen/common_data.o
                0x20004560                g_external_irq_ctrl
 .bss.g_ioport_ctrl
                0x20004570        0x8 ./ra_gen/common_data.o
                0x20004570                g_ioport_ctrl
 .bss.g_timer_ctrl
                0x20004578       0x20 ./ra_gen/hal_data.o
                0x20004578                g_timer_ctrl
 .bss.g_wdt_ctrl
                0x20004598       0x10 ./ra_gen/hal_data.o
                0x20004598                g_wdt_ctrl
 .bss.g_bsp_group_irq_sources
                0x200045a8       0x40 ./ra/fsp/src/bsp/mcu/all/bsp_group_irq.o
                0x200045a8                g_bsp_group_irq_sources
 .bss.g_protect_pfswe_counter
                0x200045e8        0x4 ./ra/fsp/src/bsp/mcu/all/bsp_io.o
                0x200045e8                g_protect_pfswe_counter
 .bss.gp_renesas_isr_context
                0x200045ec       0x80 ./ra/fsp/src/bsp/mcu/all/bsp_irq.o
                0x200045ec                gp_renesas_isr_context
 .bss.g_protect_counters
                0x2000466c        0x8 ./ra/fsp/src/bsp/mcu/all/bsp_register_protection.o
                0x2000466c                g_protect_counters
 .bss.SystemCoreClock
                0x20004674        0x4 ./ra/fsp/src/bsp/cmsis/Device/RENESAS/Source/system.o
                0x20004674                SystemCoreClock
 *(COMMON)
                0x20004678                . = ALIGN (0x4)
                0x20004678                __bss_end__ = .

.heap           0x20004678      0x400
                0x20004678                . = ALIGN (0x8)
                0x20004678                __HeapBase = .
 *(.heap)
 .heap          0x20004678      0x400 ./ra/fsp/src/bsp/cmsis/Device/RENESAS/Source/startup.o
                0x20004a78                __HeapLimit = .

.stack_dummy    0x20004a78      0x400
                0x20004a78                . = ALIGN (0x8)
                0x20004a78                __StackLimit = .
 *(.stack)
 .stack         0x20004a78      0x400 ./ra/fsp/src/bsp/cmsis/Device/RENESAS/Source/startup.o
                0x20004e78                __StackTop = .
 *(.stack*)
                0x20004e78                __StackTopAll = .
                0x20004e78                PROVIDE (__stack = __StackTopAll)
                0x20004e78                __RAM_segment_used_end__ = ALIGN (__StackTopAll, 0x4)
                0x20005000                __tz_RAM_C = DEFINED (RAM_NSC_START)?ABSOLUTE ((RAM_NSC_START - RAM_NS_BUFFER_BLOCK_LENGTH)):__RESERVE_NS_RAM?ABSOLUTE (RAM_NS_BUFFER_BLOCK_START):ALIGN (__RAM_segment_used_end__, 0x400)
                0x20006000                __tz_RAM_N = DEFINED (RAM_NS_START)?ABSOLUTE ((RAM_NS_START - RAM_NS_BUFFER_BLOCK_LENGTH)):__RESERVE_NS_RAM?ABSOLUTE (RAM_NS_BUFFER_BLOCK_START):ALIGN (__tz_RAM_C, 0x2000)

.ns_buffer      0x20004e78        0x0
                0x20004e78                . = __RESERVE_NS_RAM?ABSOLUTE ((RAM_NS_BUFFER_START & 0xffffffe0)):.
 *(.ns_buffer*)

.data_flash     0x40100000        0x0
                0x40100000                . = ORIGIN (DATA_FLASH)
                0x40100000                __tz_DATA_FLASH_S = .
                0x40100000                __Data_Flash_Start = .
 *(.data_flash*)
                0x40100000                __Data_Flash_End = .
                0x40100000                __tz_DATA_FLASH_N = DEFINED (DATA_FLASH_NS_START)?ABSOLUTE (DATA_FLASH_NS_START):__RESERVE_NS_RAM?ABSOLUTE ((DATA_FLASH_START + DATA_FLASH_LENGTH)):ALIGN (0x400)
                0x80010000                __tz_SDRAM_S = ORIGIN (SDRAM)

.sdram          0x80010000        0x0
                0x80010000                __SDRAM_Start = .
 *(.sdram*)
 *(.frame*)
                0x80010000                __SDRAM_End = .
                0x80010000                __tz_SDRAM_N = __SDRAM_End
                0x01010018                __tz_ID_CODE_S = ORIGIN (ID_CODE)

.id_code        0x01010018       0x1c
                0x01010018                __ID_Code_Start = .
 *(.id_code*)
 .id_code       0x01010018       0x1c ./ra/fsp/src/bsp/mcu/all/bsp_rom_registers.o
                0x01010034                __ID_Code_End = .
                0x01010034                __tz_ID_CODE_N = __ID_Code_End
                0x00000000                __tz_OPTION_SETTING_S = ORIGIN (OPTION_SETTING_OFS)

.rel.dyn        0x01010034        0x0
 .rel.iplt      0x01010034        0x0 c:/program files (x86)/gnu arm embedded toolchain/10 2021.10/bin/../lib/gcc/arm-none-eabi/10.3.1/thumb/v8-m.base/nofp/crtbegin.o

.option_setting_ofs
                0x00000000        0x0
                0x00000000                __OPTION_SETTING_OFS_Start = .
 *(.option_setting_ofs0)
                0x00000000                . = PROJECT_SECURE_OR_FLAT?(__OPTION_SETTING_OFS_Start + 0x4):__OPTION_SETTING_OFS_Start
 *(.option_setting_ofs2)
                0x00000000                . = PROJECT_SECURE_OR_FLAT?(__OPTION_SETTING_OFS_Start + 0x10):__OPTION_SETTING_OFS_Start
 *(.option_setting_dualsel)
                0x00000000                __OPTION_SETTING_OFS_End = .

.option_setting_sas
                0x00000034        0x0
                0x00000034                __OPTION_SETTING_SAS_Start = .
 *(.option_setting_sas)
                0x00000034                __OPTION_SETTING_SAS_End = .
                0x00000080                __tz_OPTION_SETTING_N = ABSOLUTE (OPTION_SETTING_START_NS)

.option_setting_ns
                0x00000000        0x0
                0x00000000                __OPTION_SETTING_NS_Start = .
 *(.option_setting_ofs1)
                0x00000000                . = USE_OPTION_SETTING_NS?(__OPTION_SETTING_NS_Start + 0x4):__OPTION_SETTING_NS_Start
 *(.option_setting_ofs3)
                0x00000000                . = USE_OPTION_SETTING_NS?(__OPTION_SETTING_NS_Start + 0x10):__OPTION_SETTING_NS_Start
 *(.option_setting_banksel)
                0x00000000                . = USE_OPTION_SETTING_NS?(__OPTION_SETTING_NS_Start + 0x40):__OPTION_SETTING_NS_Start
 *(.option_setting_bps0)
                0x00000000                . = USE_OPTION_SETTING_NS?(__OPTION_SETTING_NS_Start + 0x44):__OPTION_SETTING_NS_Start
 *(.option_setting_bps1)
                0x00000000                . = USE_OPTION_SETTING_NS?(__OPTION_SETTING_NS_Start + 0x48):__OPTION_SETTING_NS_Start
 *(.option_setting_bps2)
                0x00000000                . = USE_OPTION_SETTING_NS?(__OPTION_SETTING_NS_Start + 0x4c):__OPTION_SETTING_NS_Start
 *(.option_setting_bps3)
                0x00000000                . = USE_OPTION_SETTING_NS?(__OPTION_SETTING_NS_Start + 0x60):__OPTION_SETTING_NS_Start
 *(.option_setting_pbps0)
                0x00000000                . = USE_OPTION_SETTING_NS?(__OPTION_SETTING_NS_Start + 0x64):__OPTION_SETTING_NS_Start
 *(.option_setting_pbps1)
                0x00000000                . = USE_OPTION_SETTING_NS?(__OPTION_SETTING_NS_Start + 0x68):__OPTION_SETTING_NS_Start
 *(.option_setting_pbps2)
                0x00000000                . = USE_OPTION_SETTING_NS?(__OPTION_SETTING_NS_Start + 0x6c):__OPTION_SETTING_NS_Start
 *(.option_setting_pbps3)
                0x00000000                __OPTION_SETTING_NS_End = .
                0x80000000                __tz_OPTION_SETTING_S_S = ORIGIN (OPTION_SETTING_S)

.option_setting_s
                0x80000000        0x0
                0x80000000                __OPTION_SETTING_S_Start = .
 *(.option_setting_ofs1_sec)
                0x80000000                . = PROJECT_SECURE_OR_FLAT?(__OPTION_SETTING_S_Start + 0x4):__OPTION_SETTING_S_Start
 *(.option_setting_ofs3_sec)
                0x80000000                . = PROJECT_SECURE_OR_FLAT?(__OPTION_SETTING_S_Start + 0x10):__OPTION_SETTING_S_Start
 *(.option_setting_banksel_sec)
                0x80000000                . = PROJECT_SECURE_OR_FLAT?(__OPTION_SETTING_S_Start + 0x40):__OPTION_SETTING_S_Start
 *(.option_setting_bps_sec0)
                0x80000000                . = PROJECT_SECURE_OR_FLAT?(__OPTION_SETTING_S_Start + 0x44):__OPTION_SETTING_S_Start
 *(.option_setting_bps_sec1)
                0x80000000                . = PROJECT_SECURE_OR_FLAT?(__OPTION_SETTING_S_Start + 0x48):__OPTION_SETTING_S_Start
 *(.option_setting_bps_sec2)
                0x80000000                . = PROJECT_SECURE_OR_FLAT?(__OPTION_SETTING_S_Start + 0x4c):__OPTION_SETTING_S_Start
 *(.option_setting_bps_sec3)
                0x80000000                . = PROJECT_SECURE_OR_FLAT?(__OPTION_SETTING_S_Start + 0x60):__OPTION_SETTING_S_Start
 *(.option_setting_pbps_sec0)
                0x80000000                . = PROJECT_SECURE_OR_FLAT?(__OPTION_SETTING_S_Start + 0x64):__OPTION_SETTING_S_Start
 *(.option_setting_pbps_sec1)
                0x80000000                . = PROJECT_SECURE_OR_FLAT?(__OPTION_SETTING_S_Start + 0x68):__OPTION_SETTING_S_Start
 *(.option_setting_pbps_sec2)
                0x80000000                . = PROJECT_SECURE_OR_FLAT?(__OPTION_SETTING_S_Start + 0x6c):__OPTION_SETTING_S_Start
 *(.option_setting_pbps_sec3)
                0x80000000                . = PROJECT_SECURE_OR_FLAT?(__OPTION_SETTING_S_Start + 0x80):__OPTION_SETTING_S_Start
 *(.option_setting_ofs1_sel)
                0x80000000                . = PROJECT_SECURE_OR_FLAT?(__OPTION_SETTING_S_Start + 0x84):__OPTION_SETTING_S_Start
 *(.option_setting_ofs3_sel)
                0x80000000                . = PROJECT_SECURE_OR_FLAT?(__OPTION_SETTING_S_Start + 0x90):__OPTION_SETTING_S_Start
 *(.option_setting_banksel_sel)
                0x80000000                . = PROJECT_SECURE_OR_FLAT?(__OPTION_SETTING_S_Start + 0xc0):__OPTION_SETTING_S_Start
 *(.option_setting_bps_sel0)
                0x80000000                . = PROJECT_SECURE_OR_FLAT?(__OPTION_SETTING_S_Start + 0xc4):__OPTION_SETTING_S_Start
 *(.option_setting_bps_sel1)
                0x80000000                . = PROJECT_SECURE_OR_FLAT?(__OPTION_SETTING_S_Start + 0xc8):__OPTION_SETTING_S_Start
 *(.option_setting_bps_sel2)
                0x80000000                . = PROJECT_SECURE_OR_FLAT?(__OPTION_SETTING_S_Start + 0xcc):__OPTION_SETTING_S_Start
 *(.option_setting_bps_sel3)
                0x80000000                __OPTION_SETTING_S_End = .
                0x80000000                __tz_OPTION_SETTING_S_N = __OPTION_SETTING_S_End
OUTPUT(ui_project.elf elf32-littlearm)
LOAD linker stubs

.ARM.attributes
                0x00000000       0x2c
 .ARM.attributes
                0x00000000       0x22 c:/program files (x86)/gnu arm embedded toolchain/10 2021.10/bin/../lib/gcc/arm-none-eabi/10.3.1/thumb/v8-m.base/nofp/crti.o
 .ARM.attributes
                0x00000022       0x30 c:/program files (x86)/gnu arm embedded toolchain/10 2021.10/bin/../lib/gcc/arm-none-eabi/10.3.1/thumb/v8-m.base/nofp/crtbegin.o
 .ARM.attributes
                0x00000052       0x30 ./src/SEGGER_RTT/SEGGER_RTT.o
 .ARM.attributes
                0x00000082       0x30 ./src/SEGGER_RTT/SEGGER_RTT_printf.o
 .ARM.attributes
                0x000000b2       0x30 ./src/ext_irq_setup.o
 .ARM.attributes
                0x000000e2       0x30 ./src/hal_entry.o
 .ARM.attributes
                0x00000112       0x30 ./src/timer_setup.o
 .ARM.attributes
                0x00000142       0x30 ./ra_gen/common_data.o
 .ARM.attributes
                0x00000172       0x30 ./ra_gen/hal_data.o
 .ARM.attributes
                0x000001a2       0x30 ./ra_gen/main.o
 .ARM.attributes
                0x000001d2       0x30 ./ra_gen/pin_data.o
 .ARM.attributes
                0x00000202       0x30 ./ra_gen/vector_data.o
 .ARM.attributes
                0x00000232       0x30 ./ra/fsp/src/r_wdt/r_wdt.o
 .ARM.attributes
                0x00000262       0x30 ./ra/fsp/src/r_sci_uart/r_sci_uart.o
 .ARM.attributes
                0x00000292       0x30 ./ra/fsp/src/r_ioport/r_ioport.o
 .ARM.attributes
                0x000002c2       0x30 ./ra/fsp/src/r_icu/r_icu.o
 .ARM.attributes
                0x000002f2       0x30 ./ra/fsp/src/r_gpt/r_gpt.o
 .ARM.attributes
                0x00000322       0x30 ./ra/fsp/src/bsp/mcu/all/bsp_clocks.o
 .ARM.attributes
                0x00000352       0x30 ./ra/fsp/src/bsp/mcu/all/bsp_common.o
 .ARM.attributes
                0x00000382       0x30 ./ra/fsp/src/bsp/mcu/all/bsp_group_irq.o
 .ARM.attributes
                0x000003b2       0x30 ./ra/fsp/src/bsp/mcu/all/bsp_io.o
 .ARM.attributes
                0x000003e2       0x30 ./ra/fsp/src/bsp/mcu/all/bsp_irq.o
 .ARM.attributes
                0x00000412       0x30 ./ra/fsp/src/bsp/mcu/all/bsp_register_protection.o
 .ARM.attributes
                0x00000442       0x30 ./ra/fsp/src/bsp/mcu/all/bsp_rom_registers.o
 .ARM.attributes
                0x00000472       0x30 ./ra/fsp/src/bsp/cmsis/Device/RENESAS/Source/startup.o
 .ARM.attributes
                0x000004a2       0x30 ./ra/fsp/src/bsp/cmsis/Device/RENESAS/Source/system.o
 .ARM.attributes
                0x000004d2       0x30 ./ra/board/ra2e2_ek/board_init.o
 .ARM.attributes
                0x00000502       0x30 ./ra/board/ra2e2_ek/board_leds.o
 .ARM.attributes
                0x00000532       0x30 c:/program files (x86)/gnu arm embedded toolchain/10 2021.10/bin/../lib/gcc/arm-none-eabi/10.3.1/../../../../arm-none-eabi/lib/thumb/v8-m.base/nofp\libg_nano.a(lib_a-atoi.o)
 .ARM.attributes
                0x00000562       0x30 c:/program files (x86)/gnu arm embedded toolchain/10 2021.10/bin/../lib/gcc/arm-none-eabi/10.3.1/../../../../arm-none-eabi/lib/thumb/v8-m.base/nofp\libg_nano.a(lib_a-errno.o)
 .ARM.attributes
                0x00000592       0x30 c:/program files (x86)/gnu arm embedded toolchain/10 2021.10/bin/../lib/gcc/arm-none-eabi/10.3.1/../../../../arm-none-eabi/lib/thumb/v8-m.base/nofp\libg_nano.a(lib_a-impure.o)
 .ARM.attributes
                0x000005c2       0x30 c:/program files (x86)/gnu arm embedded toolchain/10 2021.10/bin/../lib/gcc/arm-none-eabi/10.3.1/../../../../arm-none-eabi/lib/thumb/v8-m.base/nofp\libg_nano.a(lib_a-memcpy-stub.o)
 .ARM.attributes
                0x000005f2       0x30 c:/program files (x86)/gnu arm embedded toolchain/10 2021.10/bin/../lib/gcc/arm-none-eabi/10.3.1/../../../../arm-none-eabi/lib/thumb/v8-m.base/nofp\libg_nano.a(lib_a-memset.o)
 .ARM.attributes
                0x00000622       0x30 c:/program files (x86)/gnu arm embedded toolchain/10 2021.10/bin/../lib/gcc/arm-none-eabi/10.3.1/../../../../arm-none-eabi/lib/thumb/v8-m.base/nofp\libg_nano.a(lib_a-strtol.o)
 .ARM.attributes
                0x00000652       0x30 c:/program files (x86)/gnu arm embedded toolchain/10 2021.10/bin/../lib/gcc/arm-none-eabi/10.3.1/../../../../arm-none-eabi/lib/thumb/v8-m.base/nofp\libg_nano.a(lib_a-ctype_.o)
 .ARM.attributes
                0x00000682       0x30 c:/program files (x86)/gnu arm embedded toolchain/10 2021.10/bin/../lib/gcc/arm-none-eabi/10.3.1/../../../../arm-none-eabi/lib/thumb/v8-m.base/nofp\libc_nano.a(lib_a-findfp.o)
 .ARM.attributes
                0x000006b2       0x30 c:/program files (x86)/gnu arm embedded toolchain/10 2021.10/bin/../lib/gcc/arm-none-eabi/10.3.1/thumb/v8-m.base/nofp/crtend.o
 .ARM.attributes
                0x000006e2       0x22 c:/program files (x86)/gnu arm embedded toolchain/10 2021.10/bin/../lib/gcc/arm-none-eabi/10.3.1/thumb/v8-m.base/nofp/crtn.o

.comment        0x00000000       0x49
 .comment       0x00000000       0x49 ./src/SEGGER_RTT/SEGGER_RTT.o
                                 0x4a (size before relaxing)
 .comment       0x00000049       0x4a ./src/SEGGER_RTT/SEGGER_RTT_printf.o
 .comment       0x00000049       0x4a ./src/ext_irq_setup.o
 .comment       0x00000049       0x4a ./src/hal_entry.o
 .comment       0x00000049       0x4a ./src/timer_setup.o
 .comment       0x00000049       0x4a ./ra_gen/common_data.o
 .comment       0x00000049       0x4a ./ra_gen/hal_data.o
 .comment       0x00000049       0x4a ./ra_gen/main.o
 .comment       0x00000049       0x4a ./ra_gen/pin_data.o
 .comment       0x00000049       0x4a ./ra_gen/vector_data.o
 .comment       0x00000049       0x4a ./ra/fsp/src/r_wdt/r_wdt.o
 .comment       0x00000049       0x4a ./ra/fsp/src/r_sci_uart/r_sci_uart.o
 .comment       0x00000049       0x4a ./ra/fsp/src/r_ioport/r_ioport.o
 .comment       0x00000049       0x4a ./ra/fsp/src/r_icu/r_icu.o
 .comment       0x00000049       0x4a ./ra/fsp/src/r_gpt/r_gpt.o
 .comment       0x00000049       0x4a ./ra/fsp/src/bsp/mcu/all/bsp_clocks.o
 .comment       0x00000049       0x4a ./ra/fsp/src/bsp/mcu/all/bsp_common.o
 .comment       0x00000049       0x4a ./ra/fsp/src/bsp/mcu/all/bsp_group_irq.o
 .comment       0x00000049       0x4a ./ra/fsp/src/bsp/mcu/all/bsp_io.o
 .comment       0x00000049       0x4a ./ra/fsp/src/bsp/mcu/all/bsp_irq.o
 .comment       0x00000049       0x4a ./ra/fsp/src/bsp/mcu/all/bsp_register_protection.o
 .comment       0x00000049       0x4a ./ra/fsp/src/bsp/mcu/all/bsp_rom_registers.o
 .comment       0x00000049       0x4a ./ra/fsp/src/bsp/cmsis/Device/RENESAS/Source/startup.o
 .comment       0x00000049       0x4a ./ra/fsp/src/bsp/cmsis/Device/RENESAS/Source/system.o
 .comment       0x00000049       0x4a ./ra/board/ra2e2_ek/board_init.o
 .comment       0x00000049       0x4a ./ra/board/ra2e2_ek/board_leds.o

.debug_info     0x00000000    0x43350
 .debug_info    0x00000000     0x232e ./src/SEGGER_RTT/SEGGER_RTT.o
 .debug_info    0x0000232e      0x70a ./src/SEGGER_RTT/SEGGER_RTT_printf.o
 .debug_info    0x00002a38     0x2e82 ./src/ext_irq_setup.o
 .debug_info    0x000058ba     0x5461 ./src/hal_entry.o
 .debug_info    0x0000ad1b     0x3785 ./src/timer_setup.o
 .debug_info    0x0000e4a0     0x15b0 ./ra_gen/common_data.o
 .debug_info    0x0000fa50     0x6d48 ./ra_gen/hal_data.o
 .debug_info    0x00016798       0xaa ./ra_gen/main.o
 .debug_info    0x00016842      0xa07 ./ra_gen/pin_data.o
 .debug_info    0x00017249      0x366 ./ra_gen/vector_data.o
 .debug_info    0x000175af     0x4e7f ./ra/fsp/src/r_wdt/r_wdt.o
 .debug_info    0x0001c42e     0x9ab5 ./ra/fsp/src/r_sci_uart/r_sci_uart.o
 .debug_info    0x00025ee3     0x3688 ./ra/fsp/src/r_ioport/r_ioport.o
 .debug_info    0x0002956b     0x1ef1 ./ra/fsp/src/r_icu/r_icu.o
 .debug_info    0x0002b45c     0x9f74 ./ra/fsp/src/r_gpt/r_gpt.o
 .debug_info    0x000353d0     0x4e52 ./ra/fsp/src/bsp/mcu/all/bsp_clocks.o
 .debug_info    0x0003a222      0x916 ./ra/fsp/src/bsp/mcu/all/bsp_common.o
 .debug_info    0x0003ab38     0x13dc ./ra/fsp/src/bsp/mcu/all/bsp_group_irq.o
 .debug_info    0x0003bf14       0xa3 ./ra/fsp/src/bsp/mcu/all/bsp_io.o
 .debug_info    0x0003bfb7      0xe9f ./ra/fsp/src/bsp/mcu/all/bsp_irq.o
 .debug_info    0x0003ce56     0x3cc4 ./ra/fsp/src/bsp/mcu/all/bsp_register_protection.o
 .debug_info    0x00040b1a       0xd6 ./ra/fsp/src/bsp/mcu/all/bsp_rom_registers.o
 .debug_info    0x00040bf0      0x154 ./ra/fsp/src/bsp/cmsis/Device/RENESAS/Source/startup.o
 .debug_info    0x00040d44     0x1de3 ./ra/fsp/src/bsp/cmsis/Device/RENESAS/Source/system.o
 .debug_info    0x00042b27       0x96 ./ra/board/ra2e2_ek/board_init.o
 .debug_info    0x00042bbd      0x793 ./ra/board/ra2e2_ek/board_leds.o

.debug_abbrev   0x00000000     0x3d2e
 .debug_abbrev  0x00000000      0x36b ./src/SEGGER_RTT/SEGGER_RTT.o
 .debug_abbrev  0x0000036b      0x27e ./src/SEGGER_RTT/SEGGER_RTT_printf.o
 .debug_abbrev  0x000005e9      0x24f ./src/ext_irq_setup.o
 .debug_abbrev  0x00000838      0x347 ./src/hal_entry.o
 .debug_abbrev  0x00000b7f      0x262 ./src/timer_setup.o
 .debug_abbrev  0x00000de1      0x162 ./ra_gen/common_data.o
 .debug_abbrev  0x00000f43      0x2b5 ./ra_gen/hal_data.o
 .debug_abbrev  0x000011f8       0x66 ./ra_gen/main.o
 .debug_abbrev  0x0000125e       0xdc ./ra_gen/pin_data.o
 .debug_abbrev  0x0000133a       0x9e ./ra_gen/vector_data.o
 .debug_abbrev  0x000013d8      0x39c ./ra/fsp/src/r_wdt/r_wdt.o
 .debug_abbrev  0x00001774      0x5d3 ./ra/fsp/src/r_sci_uart/r_sci_uart.o
 .debug_abbrev  0x00001d47      0x408 ./ra/fsp/src/r_ioport/r_ioport.o
 .debug_abbrev  0x0000214f      0x496 ./ra/fsp/src/r_icu/r_icu.o
 .debug_abbrev  0x000025e5      0x629 ./ra/fsp/src/r_gpt/r_gpt.o
 .debug_abbrev  0x00002c0e      0x354 ./ra/fsp/src/bsp/mcu/all/bsp_clocks.o
 .debug_abbrev  0x00002f62      0x172 ./ra/fsp/src/bsp/mcu/all/bsp_common.o
 .debug_abbrev  0x000030d4      0x256 ./ra/fsp/src/bsp/mcu/all/bsp_group_irq.o
 .debug_abbrev  0x0000332a       0x5e ./ra/fsp/src/bsp/mcu/all/bsp_io.o
 .debug_abbrev  0x00003388      0x1a6 ./ra/fsp/src/bsp/mcu/all/bsp_irq.o
 .debug_abbrev  0x0000352e      0x252 ./ra/fsp/src/bsp/mcu/all/bsp_register_protection.o
 .debug_abbrev  0x00003780       0x5f ./ra/fsp/src/bsp/mcu/all/bsp_rom_registers.o
 .debug_abbrev  0x000037df       0xe6 ./ra/fsp/src/bsp/cmsis/Device/RENESAS/Source/startup.o
 .debug_abbrev  0x000038c5      0x349 ./ra/fsp/src/bsp/cmsis/Device/RENESAS/Source/system.o
 .debug_abbrev  0x00003c0e       0x5c ./ra/board/ra2e2_ek/board_init.o
 .debug_abbrev  0x00003c6a       0xc4 ./ra/board/ra2e2_ek/board_leds.o

.debug_loc      0x00000000     0xb8a0
 .debug_loc     0x00000000     0x3a56 ./src/SEGGER_RTT/SEGGER_RTT.o
 .debug_loc     0x00003a56      0xae5 ./src/SEGGER_RTT/SEGGER_RTT_printf.o
 .debug_loc     0x0000453b      0x119 ./src/ext_irq_setup.o
 .debug_loc     0x00004654      0x1ce ./src/hal_entry.o
 .debug_loc     0x00004822      0x119 ./src/timer_setup.o
 .debug_loc     0x0000493b      0x6ec ./ra/fsp/src/r_wdt/r_wdt.o
 .debug_loc     0x00005027     0x1b2e ./ra/fsp/src/r_sci_uart/r_sci_uart.o
 .debug_loc     0x00006b55     0x1acd ./ra/fsp/src/r_ioport/r_ioport.o
 .debug_loc     0x00008622      0x898 ./ra/fsp/src/r_icu/r_icu.o
 .debug_loc     0x00008eba     0x2403 ./ra/fsp/src/r_gpt/r_gpt.o
 .debug_loc     0x0000b2bd      0x26f ./ra/fsp/src/bsp/mcu/all/bsp_clocks.o
 .debug_loc     0x0000b52c       0x42 ./ra/fsp/src/bsp/mcu/all/bsp_common.o
 .debug_loc     0x0000b56e       0xc9 ./ra/fsp/src/bsp/mcu/all/bsp_group_irq.o
 .debug_loc     0x0000b637       0x3f ./ra/fsp/src/bsp/mcu/all/bsp_irq.o
 .debug_loc     0x0000b676      0x110 ./ra/fsp/src/bsp/mcu/all/bsp_register_protection.o
 .debug_loc     0x0000b786      0x11a ./ra/fsp/src/bsp/cmsis/Device/RENESAS/Source/system.o

.debug_aranges  0x00000000      0x6d0
 .debug_aranges
                0x00000000      0x130 ./src/SEGGER_RTT/SEGGER_RTT.o
 .debug_aranges
                0x00000130       0x38 ./src/SEGGER_RTT/SEGGER_RTT_printf.o
 .debug_aranges
                0x00000168       0x38 ./src/ext_irq_setup.o
 .debug_aranges
                0x000001a0       0x28 ./src/hal_entry.o
 .debug_aranges
                0x000001c8       0x38 ./src/timer_setup.o
 .debug_aranges
                0x00000200       0x20 ./ra_gen/common_data.o
 .debug_aranges
                0x00000220       0x20 ./ra_gen/hal_data.o
 .debug_aranges
                0x00000240       0x20 ./ra_gen/main.o
 .debug_aranges
                0x00000260       0x18 ./ra_gen/pin_data.o
 .debug_aranges
                0x00000278       0x18 ./ra_gen/vector_data.o
 .debug_aranges
                0x00000290       0x50 ./ra/fsp/src/r_wdt/r_wdt.o
 .debug_aranges
                0x000002e0       0x98 ./ra/fsp/src/r_sci_uart/r_sci_uart.o
 .debug_aranges
                0x00000378       0x88 ./ra/fsp/src/r_ioport/r_ioport.o
 .debug_aranges
                0x00000400       0x48 ./ra/fsp/src/r_icu/r_icu.o
 .debug_aranges
                0x00000448       0xe0 ./ra/fsp/src/r_gpt/r_gpt.o
 .debug_aranges
                0x00000528       0x50 ./ra/fsp/src/bsp/mcu/all/bsp_clocks.o
 .debug_aranges
                0x00000578       0x30 ./ra/fsp/src/bsp/mcu/all/bsp_common.o
 .debug_aranges
                0x000005a8       0x28 ./ra/fsp/src/bsp/mcu/all/bsp_group_irq.o
 .debug_aranges
                0x000005d0       0x18 ./ra/fsp/src/bsp/mcu/all/bsp_io.o
 .debug_aranges
                0x000005e8       0x20 ./ra/fsp/src/bsp/mcu/all/bsp_irq.o
 .debug_aranges
                0x00000608       0x28 ./ra/fsp/src/bsp/mcu/all/bsp_register_protection.o
 .debug_aranges
                0x00000630       0x18 ./ra/fsp/src/bsp/mcu/all/bsp_rom_registers.o
 .debug_aranges
                0x00000648       0x28 ./ra/fsp/src/bsp/cmsis/Device/RENESAS/Source/startup.o
 .debug_aranges
                0x00000670       0x28 ./ra/fsp/src/bsp/cmsis/Device/RENESAS/Source/system.o
 .debug_aranges
                0x00000698       0x20 ./ra/board/ra2e2_ek/board_init.o
 .debug_aranges
                0x000006b8       0x18 ./ra/board/ra2e2_ek/board_leds.o

.debug_ranges   0x00000000     0x16c8
 .debug_ranges  0x00000000      0x640 ./src/SEGGER_RTT/SEGGER_RTT.o
 .debug_ranges  0x00000640       0x68 ./src/SEGGER_RTT/SEGGER_RTT_printf.o
 .debug_ranges  0x000006a8       0x28 ./src/ext_irq_setup.o
 .debug_ranges  0x000006d0       0x80 ./src/hal_entry.o
 .debug_ranges  0x00000750       0x28 ./src/timer_setup.o
 .debug_ranges  0x00000778       0x10 ./ra_gen/common_data.o
 .debug_ranges  0x00000788       0x10 ./ra_gen/hal_data.o
 .debug_ranges  0x00000798       0x10 ./ra_gen/main.o
 .debug_ranges  0x000007a8       0x98 ./ra/fsp/src/r_wdt/r_wdt.o
 .debug_ranges  0x00000840      0x6a8 ./ra/fsp/src/r_sci_uart/r_sci_uart.o
 .debug_ranges  0x00000ee8      0x218 ./ra/fsp/src/r_ioport/r_ioport.o
 .debug_ranges  0x00001100      0x108 ./ra/fsp/src/r_icu/r_icu.o
 .debug_ranges  0x00001208      0x330 ./ra/fsp/src/r_gpt/r_gpt.o
 .debug_ranges  0x00001538       0xa8 ./ra/fsp/src/bsp/mcu/all/bsp_clocks.o
 .debug_ranges  0x000015e0       0x20 ./ra/fsp/src/bsp/mcu/all/bsp_common.o
 .debug_ranges  0x00001600       0x30 ./ra/fsp/src/bsp/mcu/all/bsp_group_irq.o
 .debug_ranges  0x00001630       0x10 ./ra/fsp/src/bsp/mcu/all/bsp_irq.o
 .debug_ranges  0x00001640       0x48 ./ra/fsp/src/bsp/mcu/all/bsp_register_protection.o
 .debug_ranges  0x00001688       0x18 ./ra/fsp/src/bsp/cmsis/Device/RENESAS/Source/startup.o
 .debug_ranges  0x000016a0       0x18 ./ra/fsp/src/bsp/cmsis/Device/RENESAS/Source/system.o
 .debug_ranges  0x000016b8       0x10 ./ra/board/ra2e2_ek/board_init.o

.debug_line     0x00000000     0xa54c
 .debug_line    0x00000000     0x1aae ./src/SEGGER_RTT/SEGGER_RTT.o
 .debug_line    0x00001aae      0x778 ./src/SEGGER_RTT/SEGGER_RTT_printf.o
 .debug_line    0x00002226      0x4aa ./src/ext_irq_setup.o
 .debug_line    0x000026d0      0x7ae ./src/hal_entry.o
 .debug_line    0x00002e7e      0x57a ./src/timer_setup.o
 .debug_line    0x000033f8      0x2fe ./ra_gen/common_data.o
 .debug_line    0x000036f6      0x3c3 ./ra_gen/hal_data.o
 .debug_line    0x00003ab9       0x5e ./ra_gen/main.o
 .debug_line    0x00003b17      0x1aa ./ra_gen/pin_data.o
 .debug_line    0x00003cc1       0xeb ./ra_gen/vector_data.o
 .debug_line    0x00003dac      0x606 ./ra/fsp/src/r_wdt/r_wdt.o
 .debug_line    0x000043b2     0x185f ./ra/fsp/src/r_sci_uart/r_sci_uart.o
 .debug_line    0x00005c11      0xcda ./ra/fsp/src/r_ioport/r_ioport.o
 .debug_line    0x000068eb      0x83b ./ra/fsp/src/r_icu/r_icu.o
 .debug_line    0x00007126     0x172e ./ra/fsp/src/r_gpt/r_gpt.o
 .debug_line    0x00008854      0x5f1 ./ra/fsp/src/bsp/mcu/all/bsp_clocks.o
 .debug_line    0x00008e45      0x25f ./ra/fsp/src/bsp/mcu/all/bsp_common.o
 .debug_line    0x000090a4      0x2e0 ./ra/fsp/src/bsp/mcu/all/bsp_group_irq.o
 .debug_line    0x00009384      0x168 ./ra/fsp/src/bsp/mcu/all/bsp_io.o
 .debug_line    0x000094ec      0x2a8 ./ra/fsp/src/bsp/mcu/all/bsp_irq.o
 .debug_line    0x00009794      0x394 ./ra/fsp/src/bsp/mcu/all/bsp_register_protection.o
 .debug_line    0x00009b28      0x121 ./ra/fsp/src/bsp/mcu/all/bsp_rom_registers.o
 .debug_line    0x00009c49      0x1ec ./ra/fsp/src/bsp/cmsis/Device/RENESAS/Source/startup.o
 .debug_line    0x00009e35      0x505 ./ra/fsp/src/bsp/cmsis/Device/RENESAS/Source/system.o
 .debug_line    0x0000a33a       0x5a ./ra/board/ra2e2_ek/board_init.o
 .debug_line    0x0000a394      0x1b8 ./ra/board/ra2e2_ek/board_leds.o

.debug_str      0x00000000     0xded3
 .debug_str     0x00000000      0x67c ./src/SEGGER_RTT/SEGGER_RTT.o
                                0x6fc (size before relaxing)
 .debug_str     0x0000067c      0x120 ./src/SEGGER_RTT/SEGGER_RTT_printf.o
                                0x301 (size before relaxing)
 .debug_str     0x0000079c     0x2b5a ./src/ext_irq_setup.o
                               0x2d0e (size before relaxing)
 .debug_str     0x000032f6     0x31e2 ./src/hal_entry.o
                               0x4e04 (size before relaxing)
 .debug_str     0x000064d8      0xa31 ./src/timer_setup.o
                               0x4ac6 (size before relaxing)
 .debug_str     0x00006f09      0x2dd ./ra_gen/common_data.o
                               0x35d6 (size before relaxing)
 .debug_str     0x000071e6     0x2cbd ./ra_gen/hal_data.o
                               0x7b90 (size before relaxing)
 .debug_str     0x00009ea3       0x16 ./ra_gen/main.o
                                0x199 (size before relaxing)
 .debug_str     0x00009eb9      0x648 ./ra_gen/pin_data.o
                               0x1d1b (size before relaxing)
 .debug_str     0x0000a501      0xa7f ./ra_gen/vector_data.o
                                0xbf2 (size before relaxing)
 .debug_str     0x0000af80      0x2a0 ./ra/fsp/src/r_wdt/r_wdt.o
                               0x3908 (size before relaxing)
 .debug_str     0x0000b220      0xb69 ./ra/fsp/src/r_sci_uart/r_sci_uart.o
                               0x6629 (size before relaxing)
 .debug_str     0x0000bd89      0x77f ./ra/fsp/src/r_ioport/r_ioport.o
                               0x3a3b (size before relaxing)
 .debug_str     0x0000c508       0x72 ./ra/fsp/src/r_icu/r_icu.o
                               0x23fb (size before relaxing)
 .debug_str     0x0000c57a      0xb6a ./ra/fsp/src/r_gpt/r_gpt.o
                               0x630b (size before relaxing)
 .debug_str     0x0000d0e4      0x796 ./ra/fsp/src/bsp/mcu/all/bsp_clocks.o
                               0x20b2 (size before relaxing)
 .debug_str     0x0000d87a       0x94 ./ra/fsp/src/bsp/mcu/all/bsp_common.o
                               0x1b49 (size before relaxing)
 .debug_str     0x0000d90e      0x1de ./ra/fsp/src/bsp/mcu/all/bsp_group_irq.o
                               0x2054 (size before relaxing)
 .debug_str     0x0000daec       0x23 ./ra/fsp/src/bsp/mcu/all/bsp_io.o
                                0x1c2 (size before relaxing)
 .debug_str     0x0000db0f       0x30 ./ra/fsp/src/bsp/mcu/all/bsp_irq.o
                               0x106e (size before relaxing)
 .debug_str     0x0000db3f      0x12b ./ra/fsp/src/bsp/mcu/all/bsp_register_protection.o
                               0x1998 (size before relaxing)
 .debug_str     0x0000dc6a       0x51 ./ra/fsp/src/bsp/mcu/all/bsp_rom_registers.o
                                0x1d8 (size before relaxing)
 .debug_str     0x0000dcbb       0x89 ./ra/fsp/src/bsp/cmsis/Device/RENESAS/Source/startup.o
                                0x213 (size before relaxing)
 .debug_str     0x0000dd44      0x13c ./ra/fsp/src/bsp/cmsis/Device/RENESAS/Source/system.o
                                0xd1a (size before relaxing)
 .debug_str     0x0000de80       0x22 ./ra/board/ra2e2_ek/board_init.o
                                0x1a5 (size before relaxing)
 .debug_str     0x0000dea2       0x31 ./ra/board/ra2e2_ek/board_leds.o
                               0x169f (size before relaxing)

.debug_frame    0x00000000     0x125c
 .debug_frame   0x00000000      0x450 ./src/SEGGER_RTT/SEGGER_RTT.o
 .debug_frame   0x00000450       0x9c ./src/SEGGER_RTT/SEGGER_RTT_printf.o
 .debug_frame   0x000004ec       0x70 ./src/ext_irq_setup.o
 .debug_frame   0x0000055c       0x48 ./src/hal_entry.o
 .debug_frame   0x000005a4       0x70 ./src/timer_setup.o
 .debug_frame   0x00000614       0x20 ./ra_gen/common_data.o
 .debug_frame   0x00000634       0x28 ./ra_gen/hal_data.o
 .debug_frame   0x0000065c       0x28 ./ra_gen/main.o
 .debug_frame   0x00000684       0xa8 ./ra/fsp/src/r_wdt/r_wdt.o
 .debug_frame   0x0000072c      0x1e4 ./ra/fsp/src/r_sci_uart/r_sci_uart.o
 .debug_frame   0x00000910      0x164 ./ra/fsp/src/r_ioport/r_ioport.o
 .debug_frame   0x00000a74       0xa4 ./ra/fsp/src/r_icu/r_icu.o
 .debug_frame   0x00000b18      0x290 ./ra/fsp/src/r_gpt/r_gpt.o
 .debug_frame   0x00000da8       0xa4 ./ra/fsp/src/bsp/mcu/all/bsp_clocks.o
 .debug_frame   0x00000e4c       0x40 ./ra/fsp/src/bsp/mcu/all/bsp_common.o
 .debug_frame   0x00000e8c       0x40 ./ra/fsp/src/bsp/mcu/all/bsp_group_irq.o
 .debug_frame   0x00000ecc       0x20 ./ra/fsp/src/bsp/mcu/all/bsp_irq.o
 .debug_frame   0x00000eec       0x48 ./ra/fsp/src/bsp/mcu/all/bsp_register_protection.o
 .debug_frame   0x00000f34       0x38 ./ra/fsp/src/bsp/cmsis/Device/RENESAS/Source/startup.o
 .debug_frame   0x00000f6c       0x40 ./ra/fsp/src/bsp/cmsis/Device/RENESAS/Source/system.o
 .debug_frame   0x00000fac       0x20 ./ra/board/ra2e2_ek/board_init.o
 .debug_frame   0x00000fcc       0x40 c:/program files (x86)/gnu arm embedded toolchain/10 2021.10/bin/../lib/gcc/arm-none-eabi/10.3.1/../../../../arm-none-eabi/lib/thumb/v8-m.base/nofp\libg_nano.a(lib_a-atoi.o)
 .debug_frame   0x0000100c       0x20 c:/program files (x86)/gnu arm embedded toolchain/10 2021.10/bin/../lib/gcc/arm-none-eabi/10.3.1/../../../../arm-none-eabi/lib/thumb/v8-m.base/nofp\libg_nano.a(lib_a-errno.o)
 .debug_frame   0x0000102c       0x28 c:/program files (x86)/gnu arm embedded toolchain/10 2021.10/bin/../lib/gcc/arm-none-eabi/10.3.1/../../../../arm-none-eabi/lib/thumb/v8-m.base/nofp\libg_nano.a(lib_a-memcpy-stub.o)
 .debug_frame   0x00001054       0x20 c:/program files (x86)/gnu arm embedded toolchain/10 2021.10/bin/../lib/gcc/arm-none-eabi/10.3.1/../../../../arm-none-eabi/lib/thumb/v8-m.base/nofp\libg_nano.a(lib_a-memset.o)
 .debug_frame   0x00001074       0x78 c:/program files (x86)/gnu arm embedded toolchain/10 2021.10/bin/../lib/gcc/arm-none-eabi/10.3.1/../../../../arm-none-eabi/lib/thumb/v8-m.base/nofp\libg_nano.a(lib_a-strtol.o)
 .debug_frame   0x000010ec      0x170 c:/program files (x86)/gnu arm embedded toolchain/10 2021.10/bin/../lib/gcc/arm-none-eabi/10.3.1/../../../../arm-none-eabi/lib/thumb/v8-m.base/nofp\libc_nano.a(lib_a-findfp.o)
